<html>
<body>
<pre>
<h1>µVision Build Log</h1>
<h2>Tool Versions:</h2>
IDE-Version: ¦ÌVision V5.16a
Copyright (C) 2015 ARM Ltd and ARM Germany GmbH. All rights reserved.
License Information: guo Administrator, guo, LIC=D0DUH-WPZET-NAADU-SJ79E-YPS1Y-4MZVS
 
Tool Versions:
Toolchain:       MDK-ARM Standard  Version: 5.16a
Toolchain Path:  C:\Keil_v5\ARM\ARMCC\Bin
C Compiler:      Armcc.exe V5.06 (build 20)
Assembler:       Armasm.exe V5.06 (build 20)
Linker/Locator:  ArmLink.exe V5.06 (build 20)
Library Manager: ArmAr.exe V5.06 (build 20)
Hex Converter:   FromElf.exe V5.06 (build 20)
CPU DLL:         SARMCM3.DLL V5.16a
Dialog DLL:      DARMP1.DLL V1.25.0.0
Target DLL:      UL2CM3.DLL V1.155.12.0
Dialog DLL:      TARMP1.DLL V1.24.0.0
 
<h2>Project:</h2>
D:\VMCSource\V1.0__20161106\V1.02\VMC.uvprojx
Project File Date:  02/06/2017

<h2>Output:</h2>
*** Using Compiler 'V5.06 (build 20)', folder: 'C:\Keil_v5\ARM\ARMCC\Bin'
Rebuild target 'VMC_Release_In_Flash'
compiling Android.c...
compiling main.c...
compiling vendservice.c...
compiling Log.c...
compiling ParamDefine.c...
compiling MdbBillDeviceOperation.c...
compiling MdbCashlessDeviceOperation.c...
compiling Menu.c...
compiling maintenance.c...
compiling MdbCoinDeviceOperation.c...
compiling System.C...
compiling CoinAcceptorChanger.C...
compiling BillValidatorRecycler.C...
compiling COM.C...
compiling Display.C...
compiling Keyboard.C...
compiling FRAM.C...
compiling RealTimeClock.C...
compiling Vending.C...
compiling croutine.c...
compiling event_groups.c...
compiling list.c...
compiling timers.c...
compiling queue.c...
compiling tasks.c...
compiling heap.c...
compiling port.c...
compiling FreeRTOSHooks.c...
compiling UART0.C...
compiling UART3.C...
compiling PINSELECT.C...
compiling RTC.C...
compiling KEY.C...
compiling LCM.C...
compiling TIMER.C...
compiling BUZZER.C...
compiling I2C.C...
compiling MDB.C...
compiling LIB.C...
compiling MOTOR.C...
assembling startup_LPC17xx.s...
compiling system_LPC17xx.c...
linking...
Program Size: Code=49316 RO-data=18196 RW-data=224 ZI-data=18272  
FromELF: creating hex file...
".\Objects\LF_VMC_V102.axf" - 0 Error(s), 0 Warning(s).
Build Time Elapsed:  00:00:07
</pre>
</body>
</html>
