Component: ARM Compiler 5.06 (build 20) Tool: armlink [4d35a3]

==============================================================================

Section Cross References

    main.o(i.main) refers to tasks.o(i.xTaskCreate) for xTaskCreate
    main.o(i.main) refers to tasks.o(i.vTaskStartScheduler) for vTaskStartScheduler
    main.o(i.main) refers to vendservice.o(i.VendService) for VendService
    main.o(i.main) refers to maintenance.o(i.Maintenance) for Maintenance
    main.o(i.main) refers to android.o(i.AndroidService) for AndroidService
    android.o(i.AndroidService) refers to com.o(i.API_COM_Init) for API_COM_Init
    android.o(i.AndroidService) refers to com.o(i.API_COM_RecBufferIsNotEmpty) for API_COM_RecBufferIsNotEmpty
    android.o(i.AndroidService) refers to com.o(i.API_COM_ReadCharFromBuffer) for API_COM_ReadCharFromBuffer
    android.o(i.AndroidService) refers to com.o(i.API_COM_SendStr) for API_COM_SendStr
    android.o(i.AndroidService) refers to tasks.o(i.vTaskDelay) for vTaskDelay
    vendservice.o(i.DispChhuoFailPage) refers to vendservice.o(i.Vend_CLrBusinessText) for Vend_CLrBusinessText
    vendservice.o(i.DispChhuoFailPage) refers to display.o(i.API_LCM_Printf) for API_LCM_Printf
    vendservice.o(i.DispChhuoFailPage) refers to tasks.o(i.vTaskDelay) for vTaskDelay
    vendservice.o(i.DispChhuoFailPage) refers to paramdefine.o(.bss) for VMCParam
    vendservice.o(i.DispChhuoFailPage) refers to menu.o(.constdata) for UIMenu
    vendservice.o(i.VendService) refers to system.o(i.API_SYSTEM_PinFuctionSelect) for API_SYSTEM_PinFuctionSelect
    vendservice.o(i.VendService) refers to vending.o(i.API_VENDING_Init) for API_VENDING_Init
    vendservice.o(i.VendService) refers to realtimeclock.o(i.API_RTC_RtcInit) for API_RTC_RtcInit
    vendservice.o(i.VendService) refers to fram.o(i.API_FRAM_Init) for API_FRAM_Init
    vendservice.o(i.VendService) refers to system.o(i.API_SYSTEM_TimerInit) for API_SYSTEM_TimerInit
    vendservice.o(i.VendService) refers to com.o(i.API_COM_Init) for API_COM_Init
    vendservice.o(i.VendService) refers to mdb.o(i.API_MDB_UartInit) for API_MDB_UartInit
    vendservice.o(i.VendService) refers to display.o(i.API_LCM_Init) for API_LCM_Init
    vendservice.o(i.VendService) refers to keyboard.o(i.API_KEY_KeyboardInit) for API_KEY_KeyboardInit
    vendservice.o(i.VendService) refers to keyboard.o(i.API_BUZZER_Buzzer) for API_BUZZER_Buzzer
    vendservice.o(i.VendService) refers to paramdefine.o(i.InitVmcParam) for InitVmcParam
    vendservice.o(i.VendService) refers to paramdefine.o(i.InitTradeParam) for InitTradeParam
    vendservice.o(i.VendService) refers to paramdefine.o(i.InitTotalLog) for InitTotalLog
    vendservice.o(i.VendService) refers to vendservice.o(i.VendingService) for VendingService
    vendservice.o(i.VendService) refers to vendservice.o(i.VendingIdle) for VendingIdle
    vendservice.o(i.VendService) refers to tasks.o(i.vTaskDelay) for vTaskDelay
    vendservice.o(i.VendService) refers to paramdefine.o(.bss) for VMCParam
    vendservice.o(i.Vend_BillCoinCtr) refers to uart0.o(i.Trace) for Trace
    vendservice.o(i.Vend_BillCoinCtr) refers to mdbbilldeviceoperation.o(i.BillDevProcess) for BillDevProcess
    vendservice.o(i.Vend_BillCoinCtr) refers to mdbcoindeviceoperation.o(i.MdbCoinTypeEanbleOrDisable) for MdbCoinTypeEanbleOrDisable
    vendservice.o(i.Vend_BillCoinCtr) refers to paramdefine.o(.bss) for VMCParam
    vendservice.o(i.Vend_CLrBusinessAndLineText) refers to display.o(i.API_LCM_ClearArea) for API_LCM_ClearArea
    vendservice.o(i.Vend_CLrBusinessAndLineText) refers to tasks.o(i.vTaskDelay) for vTaskDelay
    vendservice.o(i.Vend_CLrBusinessText) refers to display.o(i.API_LCM_ClearArea) for API_LCM_ClearArea
    vendservice.o(i.Vend_CLrBusinessText) refers to tasks.o(i.vTaskDelay) for vTaskDelay
    vendservice.o(i.Vend_CLrFreeText) refers to display.o(i.API_LCM_ClearArea) for API_LCM_ClearArea
    vendservice.o(i.Vend_CLrFreeText) refers to tasks.o(i.vTaskDelay) for vTaskDelay
    vendservice.o(i.Vend_ChangerMoney) refers to vendservice.o(i.Vend_GetAmountMoney) for Vend_GetAmountMoney
    vendservice.o(i.Vend_ChangerMoney) refers to uart0.o(i.Trace) for Trace
    vendservice.o(i.Vend_ChangerMoney) refers to mdbbilldeviceoperation.o(i.BillDevProcess) for BillDevProcess
    vendservice.o(i.Vend_ChangerMoney) refers to mdbcoindeviceoperation.o(i.ChangePayoutProcessLevel3) for ChangePayoutProcessLevel3
    vendservice.o(i.Vend_ChangerMoney) refers to log.o(i.LogChangeAPI) for LogChangeAPI
    vendservice.o(i.Vend_ChangerMoney) refers to vendservice.o(.data) for g_holdValue
    vendservice.o(i.Vend_ClearDealPar) refers to vendservice.o(.data) for ChannelNum
    vendservice.o(i.Vend_DispChaxunPage) refers to vendservice.o(i.Vend_ClearDealPar) for Vend_ClearDealPar
    vendservice.o(i.Vend_DispChaxunPage) refers to vendservice.o(i.Vend_CLrBusinessAndLineText) for Vend_CLrBusinessAndLineText
[...]
    __rt_lib_init_lc_numeric_2               0x000001e5   Thumb Code     0  libinit2.o(.ARM.Collect$$libinit$$00000016)
    __rt_lib_init_alloca_1                   0x000001ef   Thumb Code     0  libinit2.o(.ARM.Collect$$libinit$$0000002E)
    __rt_lib_init_argv_1                     0x000001ef   Thumb Code     0  libinit2.o(.ARM.Collect$$libinit$$0000002C)
    __rt_lib_init_atexit_1                   0x000001ef   Thumb Code     0  libinit2.o(.ARM.Collect$$libinit$$0000001B)
    __rt_lib_init_clock_1                    0x000001ef   Thumb Code     0  libinit2.o(.ARM.Collect$$libinit$$00000021)
    __rt_lib_init_cpp_1                      0x000001ef   Thumb Code     0  libinit2.o(.ARM.Collect$$libinit$$00000032)
    __rt_lib_init_exceptions_1               0x000001ef   Thumb Code     0  libinit2.o(.ARM.Collect$$libinit$$00000030)
    __rt_lib_init_fp_trap_1                  0x000001ef   Thumb Code     0  libinit2.o(.ARM.Collect$$libinit$$0000001F)
    __rt_lib_init_getenv_1                   0x000001ef   Thumb Code     0  libinit2.o(.ARM.Collect$$libinit$$00000023)
    __rt_lib_init_lc_numeric_1               0x000001ef   Thumb Code     0  libinit2.o(.ARM.Collect$$libinit$$00000017)
    __rt_lib_init_lc_time_1                  0x000001ef   Thumb Code     0  libinit2.o(.ARM.Collect$$libinit$$00000019)
    __rt_lib_init_return                     0x000001ef   Thumb Code     0  libinit2.o(.ARM.Collect$$libinit$$00000033)
    __rt_lib_init_signal_1                   0x000001ef   Thumb Code     0  libinit2.o(.ARM.Collect$$libinit$$0000001D)
    __rt_lib_init_stdio_1                    0x000001ef   Thumb Code     0  libinit2.o(.ARM.Collect$$libinit$$00000025)
    __rt_lib_shutdown                        0x000001f1   Thumb Code     0  libshutdown.o(.ARM.Collect$$libshutdown$$00000000)
    __rt_lib_shutdown_cpp_1                  0x000001f3   Thumb Code     0  libshutdown2.o(.ARM.Collect$$libshutdown$$00000002)
    __rt_lib_shutdown_fp_trap_1              0x000001f3   Thumb Code     0  libshutdown2.o(.ARM.Collect$$libshutdown$$00000007)
    __rt_lib_shutdown_heap_1                 0x000001f3   Thumb Code     0  libshutdown2.o(.ARM.Collect$$libshutdown$$0000000F)
    __rt_lib_shutdown_return                 0x000001f3   Thumb Code     0  libshutdown2.o(.ARM.Collect$$libshutdown$$00000010)
    __rt_lib_shutdown_signal_1               0x000001f3   Thumb Code     0  libshutdown2.o(.ARM.Collect$$libshutdown$$0000000A)
    __rt_lib_shutdown_stdio_1                0x000001f3   Thumb Code     0  libshutdown2.o(.ARM.Collect$$libshutdown$$00000004)
    __rt_lib_shutdown_user_alloc_1           0x000001f3   Thumb Code     0  libshutdown2.o(.ARM.Collect$$libshutdown$$0000000C)
    __rt_entry                               0x000001f5   Thumb Code     0  __rtentry.o(.ARM.Collect$$rtentry$$00000000)
    __rt_entry_presh_1                       0x000001f5   Thumb Code     0  __rtentry2.o(.ARM.Collect$$rtentry$$00000002)
    __rt_entry_sh                            0x000001f5   Thumb Code     0  __rtentry4.o(.ARM.Collect$$rtentry$$00000004)
    __rt_entry_li                            0x000001fb   Thumb Code     0  __rtentry2.o(.ARM.Collect$$rtentry$$0000000A)
    __rt_entry_postsh_1                      0x000001fb   Thumb Code     0  __rtentry2.o(.ARM.Collect$$rtentry$$00000009)
    __rt_entry_main                          0x000001ff   Thumb Code     0  __rtentry2.o(.ARM.Collect$$rtentry$$0000000D)
    __rt_entry_postli_1                      0x000001ff   Thumb Code     0  __rtentry2.o(.ARM.Collect$$rtentry$$0000000C)
    __rt_exit                                0x00000207   Thumb Code     0  rtexit.o(.ARM.Collect$$rtexit$$00000000)
    __rt_exit_ls                             0x00000209   Thumb Code     0  rtexit2.o(.ARM.Collect$$rtexit$$00000003)
    __rt_exit_prels_1                        0x00000209   Thumb Code     0  rtexit2.o(.ARM.Collect$$rtexit$$00000002)
    __rt_exit_exit                           0x0000020d   Thumb Code     0  rtexit2.o(.ARM.Collect$$rtexit$$00000004)
    SVC_Handler                              0x00000215   Thumb Code    32  port.o(.emb_text)
    __asm___6_port_c_39a90d8d__prvStartFirstTask 0x00000239   Thumb Code    28  port.o(.emb_text)
    PendSV_Handler                           0x00000259   Thumb Code    72  port.o(.emb_text)
    vPortGetIPSR                             0x000002a5   Thumb Code     6  port.o(.emb_text)
    Reset_Handler                            0x000002ad   Thumb Code     8  startup_lpc17xx.o(.text)
    NMI_Handler                              0x000002b5   Thumb Code     2  startup_lpc17xx.o(.text)
    HardFault_Handler                        0x000002b7   Thumb Code     2  startup_lpc17xx.o(.text)
    MemManage_Handler                        0x000002b9   Thumb Code     2  startup_lpc17xx.o(.text)
    BusFault_Handler                         0x000002bb   Thumb Code     2  startup_lpc17xx.o(.text)
    UsageFault_Handler                       0x000002bd   Thumb Code     2  startup_lpc17xx.o(.text)
    DebugMon_Handler                         0x000002c1   Thumb Code     2  startup_lpc17xx.o(.text)
    ADC_IRQHandler                           0x000002c7   Thumb Code     0  startup_lpc17xx.o(.text)
    BOD_IRQHandler                           0x000002c7   Thumb Code     0  startup_lpc17xx.o(.text)
    CANActivity_IRQHandler                   0x000002c7   Thumb Code     0  startup_lpc17xx.o(.text)
    CAN_IRQHandler                           0x000002c7   Thumb Code     0  startup_lpc17xx.o(.text)
    DMA_IRQHandler                           0x000002c7   Thumb Code     0  startup_lpc17xx.o(.text)
    EINT0_IRQHandler                         0x000002c7   Thumb Code     0  startup_lpc17xx.o(.text)
    EINT2_IRQHandler                         0x000002c7   Thumb Code     0  startup_lpc17xx.o(.text)
    EINT3_IRQHandler                         0x000002c7   Thumb Code     0  startup_lpc17xx.o(.text)
    ENET_IRQHandler                          0x000002c7   Thumb Code     0  startup_lpc17xx.o(.text)
    I2C1_IRQHandler                          0x000002c7   Thumb Code     0  startup_lpc17xx.o(.text)
    I2C2_IRQHandler                          0x000002c7   Thumb Code     0  startup_lpc17xx.o(.text)
    I2S_IRQHandler                           0x000002c7   Thumb Code     0  startup_lpc17xx.o(.text)
    MCPWM_IRQHandler                         0x000002c7   Thumb Code     0  startup_lpc17xx.o(.text)
    PLL0_IRQHandler                          0x000002c7   Thumb Code     0  startup_lpc17xx.o(.text)
    PLL1_IRQHandler                          0x000002c7   Thumb Code     0  startup_lpc17xx.o(.text)
    PWM1_IRQHandler                          0x000002c7   Thumb Code     0  startup_lpc17xx.o(.text)
    QEI_IRQHandler                           0x000002c7   Thumb Code     0  startup_lpc17xx.o(.text)
    RIT_IRQHandler                           0x000002c7   Thumb Code     0  startup_lpc17xx.o(.text)
    RTC_IRQHandler                           0x000002c7   Thumb Code     0  startup_lpc17xx.o(.text)
    SPI_IRQHandler                           0x000002c7   Thumb Code     0  startup_lpc17xx.o(.text)
    SSP0_IRQHandler                          0x000002c7   Thumb Code     0  startup_lpc17xx.o(.text)
    SSP1_IRQHandler                          0x000002c7   Thumb Code     0  startup_lpc17xx.o(.text)
    UART1_IRQHandler                         0x000002c7   Thumb Code     0  startup_lpc17xx.o(.text)
    USBActivity_IRQHandler                   0x000002c7   Thumb Code     0  startup_lpc17xx.o(.text)
    USB_IRQHandler                           0x000002c7   Thumb Code     0  startup_lpc17xx.o(.text)
    WDT_IRQHandler                           0x000002c7   Thumb Code     0  startup_lpc17xx.o(.text)
    __user_initial_stackheap                 0x000002c9   Thumb Code     0  startup_lpc17xx.o(.text)
    __aeabi_memset                           0x000002e9   Thumb Code    16  aeabi_memset.o(.text)
    __I$use$semihosting                      0x000002f9   Thumb Code     0  use_no_semi.o(.text)
    __use_no_semihosting_swi                 0x000002f9   Thumb Code     2  use_no_semi.o(.text)
    __semihosting_library_function           0x000002fb   Thumb Code     0  indicate_semi.o(.text)
    vApplicationIdleHook                     0x000002fb   Thumb Code     2  freertoshooks.o(i.vApplicationIdleHook)
    __c89vsprintf                            0x00000301   Thumb Code    32  c89vsprintf.o(.text)
    __2sprintf                               0x00000325   Thumb Code    38  __2sprintf.o(.text)
    _printf_pre_padding                      0x00000351   Thumb Code    44  _printf_pad.o(.text)
    _printf_post_padding                     0x0000037d   Thumb Code    34  _printf_pad.o(.text)
    _printf_str                              0x0000039f   Thumb Code    82  _printf_str.o(.text)
    _printf_int_dec                          0x000003f1   Thumb Code   104  _printf_dec.o(.text)
    __printf                                 0x00000469   Thumb Code   388  __printf_flags_ss_wp.o(.text)
    strstr                                   0x000005f1   Thumb Code    36  strstr.o(.text)
    strcpy                                   0x00000615   Thumb Code    72  strcpy.o(.text)
    strlen                                   0x0000065d   Thumb Code    62  strlen.o(.text)
    strcat                                   0x0000069b   Thumb Code    24  strcat.o(.text)
    __aeabi_memcpy                           0x000006b3   Thumb Code     0  rt_memcpy_v6.o(.text)
    __rt_memcpy                              0x000006b3   Thumb Code   138  rt_memcpy_v6.o(.text)
    _memcpy_lastbytes                        0x00000719   Thumb Code     0  rt_memcpy_v6.o(.text)
    __aeabi_memclr                           0x0000073d   Thumb Code     0  rt_memclr.o(.text)
    __rt_memclr                              0x0000073d   Thumb Code    68  rt_memclr.o(.text)
    _memset                                  0x00000741   Thumb Code     0  rt_memclr.o(.text)
    __aeabi_memclr4                          0x00000781   Thumb Code     0  rt_memclr_w.o(.text)
    __aeabi_memclr8                          0x00000781   Thumb Code     0  rt_memclr_w.o(.text)
    __rt_memclr_w                            0x00000781   Thumb Code    78  rt_memclr_w.o(.text)
    _memset_w                                0x00000785   Thumb Code     0  rt_memclr_w.o(.text)
    __use_two_region_memory                  0x000007cf   Thumb Code     2  heapauxi.o(.text)
    __rt_heap_escrow$2region                 0x000007d1   Thumb Code     2  heapauxi.o(.text)
    __rt_heap_expand$2region                 0x000007d3   Thumb Code     2  heapauxi.o(.text)
    _printf_truncate_signed                  0x000007d5   Thumb Code    18  _printf_truncate.o(.text)
    _printf_truncate_unsigned                0x000007e7   Thumb Code    18  _printf_truncate.o(.text)
    _printf_int_common                       0x000007f9   Thumb Code   178  _printf_intcommon.o(.text)
    _printf_charcount                        0x000008ab   Thumb Code    40  _printf_charcount.o(.text)
    _printf_char_common                      0x000008df   Thumb Code    32  _printf_char_common.o(.text)
    _sputc                                   0x00000905   Thumb Code    10  _sputc.o(.text)
    _printf_cs_common                        0x0000090f   Thumb Code    20  _printf_char.o(.text)
    _printf_char                             0x00000923   Thumb Code    16  _printf_char.o(.text)
    _printf_string                           0x00000933   Thumb Code     8  _printf_char.o(.text)
    _printf_wctomb                           0x0000093d   Thumb Code   182  _printf_wctomb.o(.text)
    _printf_longlong_dec                     0x000009f9   Thumb Code   108  _printf_longlong_dec.o(.text)
    _printf_longlong_oct                     0x00000a75   Thumb Code    68  _printf_oct_int_ll.o(.text)
    _printf_int_oct                          0x00000ab9   Thumb Code    24  _printf_oct_int_ll.o(.text)
    _printf_ll_oct                           0x00000ad1   Thumb Code    12  _printf_oct_int_ll.o(.text)
    _printf_longlong_hex                     0x00000ae5   Thumb Code    86  _printf_hex_int_ll_ptr.o(.text)
    _printf_int_hex                          0x00000b3b   Thumb Code    28  _printf_hex_int_ll_ptr.o(.text)
    _printf_ll_hex                           0x00000b57   Thumb Code    12  _printf_hex_int_ll_ptr.o(.text)
    _printf_hex_ptr                          0x00000b63   Thumb Code    18  _printf_hex_int_ll_ptr.o(.text)
    __aeabi_memcpy4                          0x00000b79   Thumb Code     0  rt_memcpy_w.o(.text)
    __aeabi_memcpy8                          0x00000b79   Thumb Code     0  rt_memcpy_w.o(.text)
    __rt_memcpy_w                            0x00000b79   Thumb Code   100  rt_memcpy_w.o(.text)
    _memcpy_lastbytes_aligned                0x00000bc1   Thumb Code     0  rt_memcpy_w.o(.text)
    _ll_udiv10                               0x00000bdd   Thumb Code   138  lludiv10.o(.text)
    __lib_sel_fp_printf                      0x00000c67   Thumb Code     2  _printf_fp_dec.o(.text)
    _printf_fp_dec_real                      0x00000e15   Thumb Code   620  _printf_fp_dec.o(.text)
    _printf_lcs_common                       0x00001081   Thumb Code    20  _printf_wchar.o(.text)
    _printf_wchar                            0x00001095   Thumb Code    16  _printf_wchar.o(.text)
    _printf_wstring                          0x000010a5   Thumb Code     8  _printf_wchar.o(.text)
    _wcrtomb                                 0x000010ad   Thumb Code    64  _wcrtomb.o(.text)
    __user_setup_stackheap                   0x000010ed   Thumb Code    74  sys_stackheap_outer.o(.text)
    __rt_ctype_table                         0x00001139   Thumb Code    16  rt_ctype_table.o(.text)
    __rt_locale                              0x00001149   Thumb Code     8  rt_locale_intlibspace.o(.text)
    _printf_fp_infnan                        0x00001151   Thumb Code   112  _printf_fp_infnan.o(.text)
    _btod_etento                             0x000011d1   Thumb Code   216  bigflt0.o(.text)
    exit                                     0x000012ad   Thumb Code    18  exit.o(.text)
    __user_libspace                          0x000012c1   Thumb Code     8  libspace.o(.text)
    __user_perproc_libspace                  0x000012c1   Thumb Code     0  libspace.o(.text)
    __user_perthread_libspace                0x000012c1   Thumb Code     0  libspace.o(.text)
    strcmp                                   0x000012c9   Thumb Code   128  strcmpv7m.o(.text)
    _sys_exit                                0x00001349   Thumb Code     8  sys_exit.o(.text)
    _btod_d2e                                0x00001355   Thumb Code    62  btod.o(CL$$btod_d2e)
    _d2e_denorm_low                          0x00001393   Thumb Code    70  btod.o(CL$$btod_d2e_denorm_low)
    _d2e_norm_op1                            0x000013d9   Thumb Code    96  btod.o(CL$$btod_d2e_norm_op1)
    __btod_div_common                        0x00001439   Thumb Code   696  btod.o(CL$$btod_div_common)
    _e2e                                     0x00001771   Thumb Code   198  btod.o(CL$$btod_e2e)
    _btod_ediv                               0x00001837   Thumb Code    40  btod.o(CL$$btod_ediv)
    _btod_emul                               0x0000185f   Thumb Code    40  btod.o(CL$$btod_emul)
    __btod_mult_common                       0x00001887   Thumb Code   580  btod.o(CL$$btod_mult_common)
    API_BUZZER_Buzzer                        0x00001acb   Thumb Code     8  keyboard.o(i.API_BUZZER_Buzzer)
    API_COM_Init                             0x00001ad3   Thumb Code    42  com.o(i.API_COM_Init)
    API_COM_ReadCharFromBuffer               0x00001afd   Thumb Code    44  com.o(i.API_COM_ReadCharFromBuffer)
    API_COM_RecBufferIsNotEmpty              0x00001b29   Thumb Code    44  com.o(i.API_COM_RecBufferIsNotEmpty)
    API_COM_SendStr                          0x00001b55   Thumb Code    48  com.o(i.API_COM_SendStr)
    API_FRAM_Init                            0x00001b85   Thumb Code     8  fram.o(i.API_FRAM_Init)
    API_FRAM_ReadFram                        0x00001b8d   Thumb Code    26  fram.o(i.API_FRAM_ReadFram)
    API_FRAM_WriteFram                       0x00001ba7   Thumb Code    26  fram.o(i.API_FRAM_WriteFram)
    API_KEY_KeyboardCtrl                     0x00001bc1   Thumb Code    22  keyboard.o(i.API_KEY_KeyboardCtrl)
    API_KEY_KeyboardInit                     0x00001bd7   Thumb Code     8  keyboard.o(i.API_KEY_KeyboardInit)
    API_KEY_ReadKey                          0x00001bdf   Thumb Code     8  keyboard.o(i.API_KEY_ReadKey)
    API_LCM_ClearArea                        0x00001be7   Thumb Code    28  display.o(i.API_LCM_ClearArea)
    API_LCM_ClearScreen                      0x00001c03   Thumb Code     8  display.o(i.API_LCM_ClearScreen)
    API_LCM_DrawLine                         0x00001c0b   Thumb Code    16  display.o(i.API_LCM_DrawLine)
    API_LCM_Init                             0x00001c1b   Thumb Code     8  display.o(i.API_LCM_Init)
    API_LCM_Printf                           0x00001c23   Thumb Code   174  display.o(i.API_LCM_Printf)
    API_LCM_PutRMBSymbol                     0x00001cd1   Thumb Code    24  display.o(i.API_LCM_PutRMBSymbol)
    API_MDB_BillType_BillDevice              0x00001ced   Thumb Code    58  billvalidatorrecycler.o(i.API_MDB_BillType_BillDevice)
    API_MDB_CoinType_CoinDevice              0x00001d27   Thumb Code    54  coinacceptorchanger.o(i.API_MDB_CoinType_CoinDevice)
    API_MDB_Escrow_BillDevice                0x00001d5d   Thumb Code   170  billvalidatorrecycler.o(i.API_MDB_Escrow_BillDevice)
    API_MDB_ExpanDiagStatus_CoinDevice       0x00001e07   Thumb Code    54  coinacceptorchanger.o(i.API_MDB_ExpanDiagStatus_CoinDevice)
    API_MDB_ExpanFeatureEnable_CoinDevice    0x00001e3d   Thumb Code    62  coinacceptorchanger.o(i.API_MDB_ExpanFeatureEnable_CoinDevice)
    API_MDB_ExpanIdentification_CoinDevice   0x00001e7b   Thumb Code    38  coinacceptorchanger.o(i.API_MDB_ExpanIdentification_CoinDevice)
    API_MDB_ExpanPayoutStatus_CoinDevice     0x00001ea1   Thumb Code    72  coinacceptorchanger.o(i.API_MDB_ExpanPayoutStatus_CoinDevice)
    API_MDB_ExpanPayoutValuePoll_CoinDevice  0x00001f09   Thumb Code    64  coinacceptorchanger.o(i.API_MDB_ExpanPayoutValuePoll_CoinDevice)
    API_MDB_ExpanPayout_CoinDevice           0x00001f49   Thumb Code    42  coinacceptorchanger.o(i.API_MDB_ExpanPayout_CoinDevice)
    API_MDB_L2FeatureEnable_BillDevice       0x00001f73   Thumb Code    62  billvalidatorrecycler.o(i.API_MDB_L2FeatureEnable_BillDevice)
    API_MDB_L2IdentificationWithOptBit_BillDevice 0x00001fb1   Thumb Code    36  billvalidatorrecycler.o(i.API_MDB_L2IdentificationWithOptBit_BillDevice)
    API_MDB_Poll_BillDevice                  0x00001fd5   Thumb Code    28  billvalidatorrecycler.o(i.API_MDB_Poll_BillDevice)
    API_MDB_Poll_CoinDevice                  0x00001ff1   Thumb Code    28  coinacceptorchanger.o(i.API_MDB_Poll_CoinDevice)
    API_MDB_Reset_BillDevice                 0x0000200d   Thumb Code    24  billvalidatorrecycler.o(i.API_MDB_Reset_BillDevice)
    API_MDB_Reset_CoinDevice                 0x00002025   Thumb Code    24  coinacceptorchanger.o(i.API_MDB_Reset_CoinDevice)
    API_MDB_Setup_BillDevice                 0x0000203d   Thumb Code    28  billvalidatorrecycler.o(i.API_MDB_Setup_BillDevice)
    API_MDB_Setup_CoinDevice                 0x00002059   Thumb Code    28  coinacceptorchanger.o(i.API_MDB_Setup_CoinDevice)
    API_MDB_Stacker_BillDevice               0x00002075   Thumb Code    56  billvalidatorrecycler.o(i.API_MDB_Stacker_BillDevice)
    API_MDB_TubeStatus_CoinDevice            0x000020b1   Thumb Code    28  coinacceptorchanger.o(i.API_MDB_TubeStatus_CoinDevice)
    API_MDB_UartInit                         0x000020cd   Thumb Code   112  mdb.o(i.API_MDB_UartInit)
    API_RTC_Read                             0x0000214d   Thumb Code    12  realtimeclock.o(i.API_RTC_Read)
    API_RTC_RtcInit                          0x00002159   Thumb Code     8  realtimeclock.o(i.API_RTC_RtcInit)
    API_RTC_Write                            0x00002161   Thumb Code    12  realtimeclock.o(i.API_RTC_Write)
    API_SYSTEM_PinFuctionSelect              0x0000216d   Thumb Code     8  system.o(i.API_SYSTEM_PinFuctionSelect)
    API_SYSTEM_TimerChannelSet               0x00002175   Thumb Code    26  system.o(i.API_SYSTEM_TimerChannelSet)
    API_SYSTEM_TimerInit                     0x00002195   Thumb Code    38  system.o(i.API_SYSTEM_TimerInit)
    API_SYSTEM_TimerReadChannelValue         0x000021c1   Thumb Code    18  system.o(i.API_SYSTEM_TimerReadChannelValue)
    API_VENDING_Init                         0x000021d9   Thumb Code     8  vending.o(i.API_VENDING_Init)
    API_VENDING_Vend                         0x000021e1   Thumb Code    16  vending.o(i.API_VENDING_Vend)
    AndroidService                           0x000021f1   Thumb Code    52  android.o(i.AndroidService)
    BillDevProcess                           0x0000222d   Thumb Code   444  mdbbilldeviceoperation.o(i.BillDevProcess)
    Buzzer                                   0x000023f9   Thumb Code    34  buzzer.o(i.Buzzer)
    ChangePayoutProcessLevel3                0x00002421   Thumb Code   202  mdbcoindeviceoperation.o(i.ChangePayoutProcessLevel3)
    CoinDevProcess                           0x00002575   Thumb Code   314  mdbcoindeviceoperation.o(i.CoinDevProcess)
    CrcCheck                                 0x000026c1   Thumb Code    78  paramdefine.o(i.CrcCheck)
    DispChhuoFailPage                        0x00002711   Thumb Code    42  vendservice.o(i.DispChhuoFailPage)
    EINT1_IRQHandler                         0x00002745   Thumb Code    48  key.o(i.EINT1_IRQHandler)
    I2C0Init                                 0x00002a99   Thumb Code    88  i2c.o(i.I2C0Init)
    I2C0RdNByte                              0x00002b01   Thumb Code   138  i2c.o(i.I2C0RdNByte)
    I2C0WrNByte                              0x00002bad   Thumb Code   132  i2c.o(i.I2C0WrNByte)
    I2C0_IRQHandler                          0x00002c51   Thumb Code   508  i2c.o(i.I2C0_IRQHandler)
    InitTimer                                0x00002e6d   Thumb Code   256  timer.o(i.InitTimer)
    InitTotalLog                             0x00002f7d   Thumb Code   316  paramdefine.o(i.InitTotalLog)
    InitTradeParam                           0x000030c1   Thumb Code   214  paramdefine.o(i.InitTradeParam)
    InitUart0                                0x000031a1   Thumb Code   124  uart0.o(i.InitUart0)
    InitUart3                                0x0000323d   Thumb Code   148  uart3.o(i.InitUart3)
    InitVmcParam                             0x000032f1   Thumb Code   250  paramdefine.o(i.InitVmcParam)
    KeyBoardScan                             0x000033f1   Thumb Code   228  key.o(i.KeyBoardScan)
    KeyboardCtrl                             0x000034e1   Thumb Code    76  key.o(i.KeyboardCtrl)
    KeyboardInit                             0x00003539   Thumb Code   128  key.o(i.KeyboardInit)
    LCMBacklightControl                      0x000035dd   Thumb Code    40  lcm.o(i.LCMBacklightControl)
    LCMClearArea                             0x00003609   Thumb Code    60  lcm.o(i.LCMClearArea)
    LCMClearScreen                           0x00003645   Thumb Code    52  lcm.o(i.LCMClearScreen)
    LCMDrawline                              0x00003681   Thumb Code    38  lcm.o(i.LCMDrawline)
    LCMInit                                  0x000036a7   Thumb Code    74  lcm.o(i.LCMInit)
    LCMPrintfBmp                             0x000036f1   Thumb Code    86  lcm.o(i.LCMPrintfBmp)
    LCMPrintfOneAscIICh16x8                  0x00003749   Thumb Code   214  lcm.o(i.LCMPrintfOneAscIICh16x8)
    LCMPrintfOneAscIICh32x16                 0x00003829   Thumb Code   414  lcm.o(i.LCMPrintfOneAscIICh32x16)
    LCMPrintfOneChinese16x16                 0x000039d1   Thumb Code   192  lcm.o(i.LCMPrintfOneChinese16x16)
    LCMSetXY                                 0x00003ab1   Thumb Code    42  lcm.o(i.LCMSetXY)
    LoadDefaultTradeParam                    0x00003ae5   Thumb Code    72  paramdefine.o(i.LoadDefaultTradeParam)
    LoadDefaultVmcParam                      0x00003b31   Thumb Code   218  paramdefine.o(i.LoadDefaultVmcParam)
    LoadNewTotalLog                          0x00003c11   Thumb Code   300  paramdefine.o(i.LoadNewTotalLog)
    LoadNewTradeParam                        0x00003d41   Thumb Code   302  paramdefine.o(i.LoadNewTradeParam)
    LoadNewVmcParam                          0x00003f45   Thumb Code   204  paramdefine.o(i.LoadNewVmcParam)
    LogChangeAPI                             0x00004015   Thumb Code    20  log.o(i.LogChangeAPI)
    LogClearAPI                              0x0000402d   Thumb Code    22  log.o(i.LogClearAPI)
    LogEndAPI                                0x00004049   Thumb Code     8  log.o(i.LogEndAPI)
    LogGetMoneyAPI                           0x00004051   Thumb Code    42  log.o(i.LogGetMoneyAPI)
    LogTransactionAPI                        0x00004081   Thumb Code    28  log.o(i.LogTransactionAPI)
    MDBConversation                          0x00004219   Thumb Code   184  mdb.o(i.MDBConversation)
    MOTORInit                                0x000042e1   Thumb Code    28  motor.o(i.MOTORInit)
    Maintenance                              0x000077e5   Thumb Code    60  maintenance.o(i.Maintenance)
    MdbBillResetAndSetup                     0x00007825   Thumb Code   774  mdbbilldeviceoperation.o(i.MdbBillResetAndSetup)
    MdbBillTypeEanbleOrDisable               0x00007b35   Thumb Code   162  mdbbilldeviceoperation.o(i.MdbBillTypeEanbleOrDisable)
    MdbCoinGetTubeStatus                     0x00007c01   Thumb Code   112  mdbcoindeviceoperation.o(i.MdbCoinGetTubeStatus)
    MdbCoinResetAndSetup                     0x00007c75   Thumb Code   582  mdbcoindeviceoperation.o(i.MdbCoinResetAndSetup)
    MdbCoinTypeEanbleOrDisable               0x00007ec5   Thumb Code   112  mdbcoindeviceoperation.o(i.MdbCoinTypeEanbleOrDisable)
    MdbGetCoinValue                          0x00007f39   Thumb Code    10  mdbcoindeviceoperation.o(i.MdbGetCoinValue)
    MotorVending                             0x00008311   Thumb Code   724  motor.o(i.MotorVending)
    PinFuctionSelect                         0x00008891   Thumb Code    64  pinselect.o(i.PinFuctionSelect)
    PrintfMoney                              0x000088dd   Thumb Code   106  paramdefine.o(i.PrintfMoney)
    RTCInit                                  0x00008c15   Thumb Code    76  rtc.o(i.RTCInit)
    RTCReadTime                              0x00008c69   Thumb Code    52  rtc.o(i.RTCReadTime)
    RTCSetTime                               0x00008ca1   Thumb Code    48  rtc.o(i.RTCSetTime)
    ReadKeyValue                             0x00008cd5   Thumb Code    30  key.o(i.ReadKeyValue)
    SetSystemTimerValue                      0x00008d89   Thumb Code     4  timer.o(i.SetSystemTimerValue)
    SysTick_Handler                          0x00008d8d   Thumb Code    46  port.o(i.SysTick_Handler)
    SystemInit                               0x00008dc1   Thumb Code   298  system_lpc17xx.o(i.SystemInit)
    TIMER0_IRQHandler                        0x00008ef5   Thumb Code    66  timer.o(i.TIMER0_IRQHandler)
    TIMER1_IRQHandler                        0x00008f3d   Thumb Code   164  timer.o(i.TIMER1_IRQHandler)
    TIMER2_IRQHandler                        0x00008ff9   Thumb Code    66  timer.o(i.TIMER2_IRQHandler)
    TIMER3_IRQHandler                        0x00009049   Thumb Code   126  timer.o(i.TIMER3_IRQHandler)
    TimerCtrl                                0x00009625   Thumb Code   114  timer.o(i.TimerCtrl)
    Trace                                    0x000096a5   Thumb Code    52  uart0.o(i.Trace)
    UART0_IRQHandler                         0x000096d9   Thumb Code   146  uart0.o(i.UART0_IRQHandler)
    UART2_IRQHandler                         0x0000977d   Thumb Code   238  mdb.o(i.UART2_IRQHandler)
    UART3_IRQHandler                         0x00009881   Thumb Code   146  uart3.o(i.UART3_IRQHandler)
    Uart0BuffIsNotEmpty                      0x00009925   Thumb Code    20  uart0.o(i.Uart0BuffIsNotEmpty)
    Uart0GetCh                               0x00009941   Thumb Code    42  uart0.o(i.Uart0GetCh)
    Uart0PutChar                             0x00009975   Thumb Code    20  uart0.o(i.Uart0PutChar)
    Uart0PutStr                              0x0000998d   Thumb Code    26  uart0.o(i.Uart0PutStr)
    Uart3BuffIsNotEmpty                      0x000099a9   Thumb Code    20  uart3.o(i.Uart3BuffIsNotEmpty)
    Uart3GetCh                               0x000099c5   Thumb Code    42  uart3.o(i.Uart3GetCh)
    Uart3PutChar                             0x000099f9   Thumb Code    20  uart3.o(i.Uart3PutChar)
    Uart3PutStr                              0x00009a11   Thumb Code    26  uart3.o(i.Uart3PutStr)
    VendService                              0x00009a2d   Thumb Code   116  vendservice.o(i.VendService)
    Vend_BillCoinCtr                         0x00009aa5   Thumb Code   182  vendservice.o(i.Vend_BillCoinCtr)
    Vend_CLrBusinessAndLineText              0x00009bf5   Thumb Code    22  vendservice.o(i.Vend_CLrBusinessAndLineText)
    Vend_CLrBusinessText                     0x00009c0b   Thumb Code    22  vendservice.o(i.Vend_CLrBusinessText)
    Vend_CLrFreeText                         0x00009c21   Thumb Code    22  vendservice.o(i.Vend_CLrFreeText)
    Vend_ChangerMoney                        0x00009c39   Thumb Code   216  vendservice.o(i.Vend_ChangerMoney)
    Vend_ClearDealPar                        0x00009ddd   Thumb Code    10  vendservice.o(i.Vend_ClearDealPar)
    Vend_DispChaxunPage                      0x00009ded   Thumb Code   572  vendservice.o(i.Vend_DispChaxunPage)
    Vend_DispChuhuoPage                      0x0000a0e9   Thumb Code    34  vendservice.o(i.Vend_DispChuhuoPage)
    Vend_DispEndPage                         0x0000a115   Thumb Code    74  vendservice.o(i.Vend_DispEndPage)
    Vend_DispFreePage                        0x0000a169   Thumb Code   288  vendservice.o(i.Vend_DispFreePage)
    Vend_DispIOUPage                         0x0000a2b5   Thumb Code    68  vendservice.o(i.Vend_DispIOUPage)
    Vend_DispPayoutPage                      0x0000a301   Thumb Code    62  vendservice.o(i.Vend_DispPayoutPage)
    Vend_DispQuChangePage                    0x0000a349   Thumb Code    42  vendservice.o(i.Vend_DispQuChangePage)
    Vend_DispQuhuoPage                       0x0000a37d   Thumb Code    42  vendservice.o(i.Vend_DispQuhuoPage)
    Vend_DispSalePage                        0x0000a3b1   Thumb Code    92  vendservice.o(i.Vend_DispSalePage)
    Vend_GetAmountMoney                      0x0000a419   Thumb Code    24  vendservice.o(i.Vend_GetAmountMoney)
    Vend_GetMoney                            0x0000a441   Thumb Code   284  vendservice.o(i.Vend_GetMoney)
    Vend_IsErrorState                        0x0000a635   Thumb Code   198  vendservice.o(i.Vend_IsErrorState)
    Vend_IsTuibiAPI                          0x0000a771   Thumb Code    22  vendservice.o(i.Vend_IsTuibiAPI)
    Vend_SaleCostMoney                       0x0000a78d   Thumb Code   176  vendservice.o(i.Vend_SaleCostMoney)
    Vend_UpdateTubeMoney                     0x0000a891   Thumb Code    94  vendservice.o(i.Vend_UpdateTubeMoney)
    __ARM_fpclassify                         0x0000b0d1   Thumb Code    40  fpclassify.o(i.__ARM_fpclassify)
    _is_digit                                0x0000b0f9   Thumb Code    14  __printf_wp.o(i._is_digit)
    main                                     0x0000b109   Thumb Code    74  main.o(i.main)
    pvPortMalloc                             0x0000b6f5   Thumb Code   198  heap.o(i.pvPortMalloc)
    pvTaskIncrementMutexHeldCount            0x0000b7d1   Thumb Code    26  tasks.o(i.pvTaskIncrementMutexHeldCount)
    pxPortInitialiseStack                    0x0000b7f1   Thumb Code    30  port.o(i.pxPortInitialiseStack)
    uxListRemove                             0x0000b815   Thumb Code    40  list.o(i.uxListRemove)
    vApplicationMallocFailedHook             0x0000b83d   Thumb Code    10  freertoshooks.o(i.vApplicationMallocFailedHook)
    vApplicationStackOverflowHook            0x0000b871   Thumb Code    32  freertoshooks.o(i.vApplicationStackOverflowHook)
    vApplicationTickHook                     0x0000b8c1   Thumb Code     2  freertoshooks.o(i.vApplicationTickHook)
    vListInitialise                          0x0000b8c3   Thumb Code    26  list.o(i.vListInitialise)
    vListInitialiseItem                      0x0000b8dd   Thumb Code     6  list.o(i.vListInitialiseItem)
    vListInsert                              0x0000b8e3   Thumb Code    52  list.o(i.vListInsert)
    vListInsertEnd                           0x0000b917   Thumb Code    24  list.o(i.vListInsertEnd)
    vPortEnterCritical                       0x0000b931   Thumb Code    30  port.o(i.vPortEnterCritical)
    vPortExitCritical                        0x0000b955   Thumb Code    28  port.o(i.vPortExitCritical)
    vPortFree                                0x0000b975   Thumb Code    64  heap.o(i.vPortFree)
    vPortSetupTimerInterrupt                 0x0000b9bd   Thumb Code    14  port.o(i.vPortSetupTimerInterrupt)
    vTaskDelay                               0x0000b9d1   Thumb Code    46  tasks.o(i.vTaskDelay)
    vTaskMissedYield                         0x0000ba05   Thumb Code     8  tasks.o(i.vTaskMissedYield)
    vTaskPlaceOnEventList                    0x0000ba11   Thumb Code    28  tasks.o(i.vTaskPlaceOnEventList)
    vTaskPriorityInherit                     0x0000ba31   Thumb Code   164  tasks.o(i.vTaskPriorityInherit)
    vTaskSetTimeOutState                     0x0000bae1   Thumb Code    14  tasks.o(i.vTaskSetTimeOutState)
    vTaskStartScheduler                      0x0000baf9   Thumb Code    72  tasks.o(i.vTaskStartScheduler)
    vTaskSuspendAll                          0x0000bb5d   Thumb Code    12  tasks.o(i.vTaskSuspendAll)
    vTaskSwitchContext                       0x0000bb6d   Thumb Code   132  tasks.o(i.vTaskSwitchContext)
    xPortStartScheduler                      0x0000bc05   Thumb Code    42  port.o(i.xPortStartScheduler)
    xQueueGenericCreate                      0x0000bc39   Thumb Code    56  queue.o(i.xQueueGenericCreate)
    xQueueGenericReceive                     0x0000bc71   Thumb Code   342  queue.o(i.xQueueGenericReceive)
    xQueueGenericReset                       0x0000bdcd   Thumb Code   122  queue.o(i.xQueueGenericReset)
    xQueueGenericSendFromISR                 0x0000be4d   Thumb Code   134  queue.o(i.xQueueGenericSendFromISR)
    xTaskCheckForTimeOut                     0x0000bed5   Thumb Code    84  tasks.o(i.xTaskCheckForTimeOut)
    xTaskCreate                              0x0000bf31   Thumb Code    96  tasks.o(i.xTaskCreate)
    xTaskIncrementTick                       0x0000bf91   Thumb Code   252  tasks.o(i.xTaskIncrementTick)
    xTaskPriorityDisinherit                  0x0000c0b9   Thumb Code   122  tasks.o(i.xTaskPriorityDisinherit)
    xTaskRemoveFromEventList                 0x0000c13d   Thumb Code   104  tasks.o(i.xTaskRemoveFromEventList)
    xTaskResumeAll                           0x0000c1bd   Thumb Code   196  tasks.o(i.xTaskResumeAll)
    _get_lc_numeric                          0x0000c2a5   Thumb Code    44  lc_numeric_c.o(locale$$code)
    _get_lc_ctype                            0x0000c2d1   Thumb Code    44  lc_ctype_c.o(locale$$code)
    _printf_fp_dec                           0x0000c2fd   Thumb Code     4  printf1.o(x$fpl$printf1)
    UIMenu                                   0x0000c300   Data         112  menu.o(.constdata)
    __I$use$fp                               0x0000c300   Number         0  usenofp.o(x$fpl$usenofp)
    LoginUI                                  0x0000c370   Data          32  menu.o(.constdata)
    MaintenUI                                0x0000c390   Data          56  menu.o(.constdata)
    DevInfo                                  0x0000c3c8   Data          40  menu.o(.constdata)
    DevConfig                                0x0000c3f0   Data         112  menu.o(.constdata)
    DevTest                                  0x0000c460   Data          48  menu.o(.constdata)
    BillTest                                 0x0000c490   Data          80  menu.o(.constdata)
    CoinTest                                 0x0000c4e0   Data          88  menu.o(.constdata)
    CashlessTest                             0x0000c538   Data          80  menu.o(.constdata)
    ChannelTest                              0x0000c588   Data          80  menu.o(.constdata)
    TradeConfig                              0x0000c5d8   Data          56  menu.o(.constdata)
    TradeConfigGC                            0x0000c610   Data          72  menu.o(.constdata)
    TradeConfigBillEscrow                    0x0000c658   Data          72  menu.o(.constdata)
    TradeConfigBillChannel                   0x0000c6a0   Data          72  menu.o(.constdata)
    TradeConfigCoinChannel                   0x0000c6e8   Data          48  menu.o(.constdata)
    TradeConfigAddGoods                      0x0000c718   Data         144  menu.o(.constdata)
    TradeLog                                 0x0000c7a8   Data          56  menu.o(.constdata)
    KEYTABLE                                 0x0000c7e0   Data          18  key.o(.constdata)
    ASCII16X8INDEX                           0x0000c7f2   Data          93  lib.o(.constdata)
    ASCII16X8LIB                             0x0000c84f   Data        1472  lib.o(.constdata)
    ASCII32X16INDEX                          0x0000ce0f   Data          12  lib.o(.constdata)
    ASCII32X16LIB                            0x0000ce1b   Data         704  lib.o(.constdata)
    RMB                                      0x0000d0db   Data          96  lib.o(.constdata)
    CHINESE16X16INDEX                        0x0000d13b   Data         527  lib.o(.constdata)
    CHINESE16X16LIB                          0x0000d34a   Data        8416  lib.o(.constdata)
    Region$$Table$$Base                      0x000107ec   Number         0  anon$$obj.o(Region$$Table)
    Region$$Table$$Limit                     0x0001081c   Number         0  anon$$obj.o(Region$$Table)
    __ctype                                  0x00010845   Data           0  lc_ctype_c.o(locale$$data)
    ChannelNum                               0x2007c000   Data           3  vendservice.o(.data)
    vmcStatus                                0x2007c003   Data           1  vendservice.o(.data)
    vmcChangeLow                             0x2007c004   Data           1  vendservice.o(.data)
    IsTuibi                                  0x2007c005   Data           1  vendservice.o(.data)
    vmcEorr                                  0x2007c006   Data           1  vendservice.o(.data)
    g_coinAmount                             0x2007c008   Data           4  vendservice.o(.data)
    g_billAmount                             0x2007c00c   Data           4  vendservice.o(.data)
    g_holdValue                              0x2007c010   Data           4  vendservice.o(.data)
    g_readerAmount                           0x2007c014   Data           4  vendservice.o(.data)
    vmcColumn                                0x2007c018   Data           2  vendservice.o(.data)
    vmcPrice                                 0x2007c01c   Data           4  vendservice.o(.data)
    SysError                                 0x2007c022   Data           4  paramdefine.o(.data)
    Rtc                                      0x2007c026   Data           7  paramdefine.o(.data)
    BillScale                                0x2007c030   Data           4  mdbbilldeviceoperation.o(.data)
    CoinScale                                0x2007c038   Data           4  mdbcoindeviceoperation.o(.data)
    pxCurrentTCB                             0x2007c040   Data           4  tasks.o(.data)
    Uart0RxdHead                             0x2007c098   Data           1  uart0.o(.data)
    Uart0RxdTail                             0x2007c099   Data           1  uart0.o(.data)
    Uart3RxdHead                             0x2007c09a   Data           1  uart3.o(.data)
    Uart3RxdTail                             0x2007c09b   Data           1  uart3.o(.data)
    X                                        0x2007c09c   Data           1  lcm.o(.data)
    Y                                        0x2007c09d   Data           1  lcm.o(.data)
    KeyQueue                                 0x2007c0a0   Data           4  key.o(.data)
    SystemTimer                              0x2007c0a4   Data           8  timer.o(.data)
    I2C0_sla                                 0x2007c0c8   Data           1  i2c.o(.data)
    I2C0_suba                                0x2007c0cc   Data           4  i2c.o(.data)
    I2C0_suba_num                            0x2007c0d0   Data           1  i2c.o(.data)
    I2C0_buf                                 0x2007c0d4   Data           4  i2c.o(.data)
    I2C0_num                                 0x2007c0d8   Data           4  i2c.o(.data)
    I2C0_end                                 0x2007c0dc   Data           1  i2c.o(.data)
    I2C0_suba_en                             0x2007c0dd   Data           1  i2c.o(.data)
    MdbBufRIndex                             0x2007c0de   Data           1  mdb.o(.data)
    MdbBufFIndex                             0x2007c0df   Data           1  mdb.o(.data)
    MdbStatus                                0x2007c0e0   Data           1  mdb.o(.data)
    VMCParam                                 0x2007c1e0   Data         122  paramdefine.o(.bss)
    TradeParam                               0x2007c25a   Data         152  paramdefine.o(.bss)
    TotalTradeLog                            0x2007c2f4   Data          36  paramdefine.o(.bss)
    SingleTradeLog                           0x2007c318   Data          24  paramdefine.o(.bss)
    MDBCoinDevice                            0x2007c330   Data          63  paramdefine.o(.bss)
    MDBBillDevice                            0x2007c370   Data         112  paramdefine.o(.bss)
    MdbBillErr                               0x2007c3e0   Data           9  paramdefine.o(.bss)
    MdbCoinErr                               0x2007c3e9   Data          10  paramdefine.o(.bss)
    Uart0RevBuff                             0x2007c4dc   Data          64  uart0.o(.bss)
    Uart3RevBuff                             0x2007c51c   Data         128  uart3.o(.bss)
    TimerForAPP                              0x2007c59c   Data          32  timer.o(.bss)
    MdbBuffer                                0x2007c5bc   Data          36  mdb.o(.bss)
    __libspace_start                         0x2007c5e0   Data          96  libspace.o(.bss)
    __temporary_stack_top$libspace           0x2007c640   Data           0  libspace.o(.bss)



==============================================================================

Memory Map of the image

  Image Entry point : 0x000000cd

  Load Region LR_IROM1 (Base: 0x00000000, Size: 0x00010a2c, Max: 0x00080000, ABSOLUTE)

    Execution Region ER_IROM1 (Base: 0x00000000, Size: 0x00010948, Max: 0x00080000, ABSOLUTE)

    Base Addr    Size         Type   Attr      Idx    E Section Name        Object

    0x00000000   0x000000cc   Data   RO         2763    RESET               startup_lpc17xx.o
    0x000000cc   0x00000008   Code   RO         2829  * !!!main             c_w.l(__main.o)
    0x000000d4   0x00000034   Code   RO         3111    !!!scatter          c_w.l(__scatter.o)
    0x00000108   0x0000001a   Code   RO         3113    !!handler_copy      c_w.l(__scatter_copy.o)
    0x00000122   0x00000002   PAD
    0x00000124   0x0000001c   Code   RO         3115    !!handler_zi        c_w.l(__scatter_zi.o)
    0x00000140   0x00000000   Code   RO         2810    .ARM.Collect$$_printf_percent$$00000000  c_w.l(_printf_percent.o)
    0x00000140   0x00000006   Code   RO         2877    .ARM.Collect$$_printf_percent$$00000001  c_w.l(_printf_n.o)
    0x00000146   0x00000006   Code   RO         2879    .ARM.Collect$$_printf_percent$$00000002  c_w.l(_printf_p.o)
    0x0000014c   0x00000006   Code   RO         2882    .ARM.Collect$$_printf_percent$$00000003  c_w.l(_printf_f.o)
    0x00000152   0x00000006   Code   RO         2883    .ARM.Collect$$_printf_percent$$00000004  c_w.l(_printf_e.o)
    0x00000158   0x00000006   Code   RO         2884    .ARM.Collect$$_printf_percent$$00000005  c_w.l(_printf_g.o)
    0x0000015e   0x00000006   Code   RO         2885    .ARM.Collect$$_printf_percent$$00000006  c_w.l(_printf_a.o)
    0x00000164   0x0000000a   Code   RO         2890    .ARM.Collect$$_printf_percent$$00000007  c_w.l(_printf_ll.o)
    0x0000016e   0x00000006   Code   RO         2881    .ARM.Collect$$_printf_percent$$00000008  c_w.l(_printf_i.o)
    0x00000174   0x00000006   Code   RO         2808    .ARM.Collect$$_printf_percent$$00000009  c_w.l(_printf_d.o)
    0x0000017a   0x00000006   Code   RO         2809    .ARM.Collect$$_printf_percent$$0000000A  c_w.l(_printf_u.o)
    0x00000180   0x00000006   Code   RO         2880    .ARM.Collect$$_printf_percent$$0000000B  c_w.l(_printf_o.o)
    0x00000186   0x00000006   Code   RO         2878    .ARM.Collect$$_printf_percent$$0000000C  c_w.l(_printf_x.o)
    0x0000018c   0x00000006   Code   RO         2887    .ARM.Collect$$_printf_percent$$0000000D  c_w.l(_printf_lli.o)
    0x00000192   0x00000006   Code   RO         2888    .ARM.Collect$$_printf_percent$$0000000E  c_w.l(_printf_lld.o)
    0x00000198   0x00000006   Code   RO         2889    .ARM.Collect$$_printf_percent$$0000000F  c_w.l(_printf_llu.o)
    0x0000019e   0x00000006   Code   RO         2894    .ARM.Collect$$_printf_percent$$00000010  c_w.l(_printf_llo.o)
    0x000001a4   0x00000006   Code   RO         2895    .ARM.Collect$$_printf_percent$$00000011  c_w.l(_printf_llx.o)
    0x000001aa   0x0000000a   Code   RO         2891    .ARM.Collect$$_printf_percent$$00000012  c_w.l(_printf_l.o)
    0x000001b4   0x00000006   Code   RO         2807    .ARM.Collect$$_printf_percent$$00000013  c_w.l(_printf_c.o)
    0x000001ba   0x00000006   Code   RO         2876    .ARM.Collect$$_printf_percent$$00000014  c_w.l(_printf_s.o)
    0x000001c0   0x00000006   Code   RO         2892    .ARM.Collect$$_printf_percent$$00000015  c_w.l(_printf_lc.o)
    0x000001c6   0x00000006   Code   RO         2893    .ARM.Collect$$_printf_percent$$00000016  c_w.l(_printf_ls.o)
    0x000001cc   0x00000004   Code   RO         2886    .ARM.Collect$$_printf_percent$$00000017  c_w.l(_printf_percent_end.o)
    0x000001d0   0x00000002   Code   RO         2971    .ARM.Collect$$libinit$$00000000  c_w.l(libinit.o)
    0x000001d2   0x00000000   Code   RO         2988    .ARM.Collect$$libinit$$00000002  c_w.l(libinit2.o)
    0x000001d2   0x00000000   Code   RO         2990    .ARM.Collect$$libinit$$00000004  c_w.l(libinit2.o)
    0x000001d2   0x00000000   Code   RO         2993    .ARM.Collect$$libinit$$0000000A  c_w.l(libinit2.o)
    0x000001d2   0x00000000   Code   RO         2995    .ARM.Collect$$libinit$$0000000C  c_w.l(libinit2.o)
    0x000001d2   0x00000000   Code   RO         2997    .ARM.Collect$$libinit$$0000000E  c_w.l(libinit2.o)
    0x000001d2   0x00000006   Code   RO         2998    .ARM.Collect$$libinit$$0000000F  c_w.l(libinit2.o)
    0x000001d8   0x00000000   Code   RO         3000    .ARM.Collect$$libinit$$00000011  c_w.l(libinit2.o)
    0x000001d8   0x0000000c   Code   RO         3001    .ARM.Collect$$libinit$$00000012  c_w.l(libinit2.o)
    0x000001e4   0x00000000   Code   RO         3002    .ARM.Collect$$libinit$$00000013  c_w.l(libinit2.o)
    0x000001e4   0x00000000   Code   RO         3004    .ARM.Collect$$libinit$$00000015  c_w.l(libinit2.o)
    0x000001e4   0x0000000a   Code   RO         3005    .ARM.Collect$$libinit$$00000016  c_w.l(libinit2.o)
    0x000001ee   0x00000000   Code   RO         3006    .ARM.Collect$$libinit$$00000017  c_w.l(libinit2.o)
    0x000001ee   0x00000000   Code   RO         3008    .ARM.Collect$$libinit$$00000019  c_w.l(libinit2.o)
    0x000001ee   0x00000000   Code   RO         3010    .ARM.Collect$$libinit$$0000001B  c_w.l(libinit2.o)
    0x000001ee   0x00000000   Code   RO         3012    .ARM.Collect$$libinit$$0000001D  c_w.l(libinit2.o)
    0x000001ee   0x00000000   Code   RO         3014    .ARM.Collect$$libinit$$0000001F  c_w.l(libinit2.o)
    0x000001ee   0x00000000   Code   RO         3016    .ARM.Collect$$libinit$$00000021  c_w.l(libinit2.o)
    0x000001ee   0x00000000   Code   RO         3018    .ARM.Collect$$libinit$$00000023  c_w.l(libinit2.o)
    0x000001ee   0x00000000   Code   RO         3020    .ARM.Collect$$libinit$$00000025  c_w.l(libinit2.o)
    0x000001ee   0x00000000   Code   RO         3024    .ARM.Collect$$libinit$$0000002C  c_w.l(libinit2.o)
    0x000001ee   0x00000000   Code   RO         3026    .ARM.Collect$$libinit$$0000002E  c_w.l(libinit2.o)
    0x000001ee   0x00000000   Code   RO         3028    .ARM.Collect$$libinit$$00000030  c_w.l(libinit2.o)
    0x000001ee   0x00000000   Code   RO         3030    .ARM.Collect$$libinit$$00000032  c_w.l(libinit2.o)
    0x000001ee   0x00000002   Code   RO         3031    .ARM.Collect$$libinit$$00000033  c_w.l(libinit2.o)
    0x000001f0   0x00000002   Code   RO         3051    .ARM.Collect$$libshutdown$$00000000  c_w.l(libshutdown.o)
    0x000001f2   0x00000000   Code   RO         3064    .ARM.Collect$$libshutdown$$00000002  c_w.l(libshutdown2.o)
    0x000001f2   0x00000000   Code   RO         3066    .ARM.Collect$$libshutdown$$00000004  c_w.l(libshutdown2.o)
    0x000001f2   0x00000000   Code   RO         3069    .ARM.Collect$$libshutdown$$00000007  c_w.l(libshutdown2.o)
    0x000001f2   0x00000000   Code   RO         3072    .ARM.Collect$$libshutdown$$0000000A  c_w.l(libshutdown2.o)
    0x000001f2   0x00000000   Code   RO         3074    .ARM.Collect$$libshutdown$$0000000C  c_w.l(libshutdown2.o)
    0x000001f2   0x00000000   Code   RO         3077    .ARM.Collect$$libshutdown$$0000000F  c_w.l(libshutdown2.o)
    0x000001f2   0x00000002   Code   RO         3078    .ARM.Collect$$libshutdown$$00000010  c_w.l(libshutdown2.o)
    0x000001f4   0x00000000   Code   RO         2831    .ARM.Collect$$rtentry$$00000000  c_w.l(__rtentry.o)
    0x000001f4   0x00000000   Code   RO         2901    .ARM.Collect$$rtentry$$00000002  c_w.l(__rtentry2.o)
    0x000001f4   0x00000006   Code   RO         2913    .ARM.Collect$$rtentry$$00000004  c_w.l(__rtentry4.o)
    0x000001fa   0x00000000   Code   RO         2903    .ARM.Collect$$rtentry$$00000009  c_w.l(__rtentry2.o)
    0x000001fa   0x00000004   Code   RO         2904    .ARM.Collect$$rtentry$$0000000A  c_w.l(__rtentry2.o)
    0x000001fe   0x00000000   Code   RO         2906    .ARM.Collect$$rtentry$$0000000C  c_w.l(__rtentry2.o)
    0x000001fe   0x00000008   Code   RO         2907    .ARM.Collect$$rtentry$$0000000D  c_w.l(__rtentry2.o)
    0x00000206   0x00000002   Code   RO         2980    .ARM.Collect$$rtexit$$00000000  c_w.l(rtexit.o)
    0x00000208   0x00000000   Code   RO         3033    .ARM.Collect$$rtexit$$00000002  c_w.l(rtexit2.o)
    0x00000208   0x00000004   Code   RO         3034    .ARM.Collect$$rtexit$$00000003  c_w.l(rtexit2.o)
    0x0000020c   0x00000006   Code   RO         3035    .ARM.Collect$$rtexit$$00000004  c_w.l(rtexit2.o)
    0x00000212   0x00000002   PAD
    0x00000214   0x00000096   Code   RO         1880    .emb_text           port.o
    0x000002aa   0x00000002   PAD
    0x000002ac   0x0000003c   Code   RO         2765    .text               startup_lpc17xx.o
    0x000002e8   0x00000010   Code   RO         2821    .text               c_w.l(aeabi_memset.o)
    0x000002f8   0x00000002   Code   RO         3054    .text               c_w.l(use_no_semi.o)
    0x000002fa   0x00000000   Code   RO         3056    .text               c_w.l(indicate_semi.o)
    0x000002fa   0x00000002   Code   RO         2043    i.vApplicationIdleHook  freertoshooks.o
    0x000002fc   0x00000004   Code   RO         2764    .ARM.__at_0x02FC    startup_lpc17xx.o
    0x00000300   0x00000024   Code   RO         2773    .text               c_w.l(c89vsprintf.o)
    0x00000324   0x0000002c   Code   RO         2775    .text               c_w.l(__2sprintf.o)
    0x00000350   0x0000004e   Code   RO         2781    .text               c_w.l(_printf_pad.o)
    0x0000039e   0x00000052   Code   RO         2783    .text               c_w.l(_printf_str.o)
    0x000003f0   0x00000078   Code   RO         2785    .text               c_w.l(_printf_dec.o)
    0x00000468   0x00000188   Code   RO         2804    .text               c_w.l(__printf_flags_ss_wp.o)
    0x000005f0   0x00000024   Code   RO         2811    .text               c_w.l(strstr.o)
    0x00000614   0x00000048   Code   RO         2813    .text               c_w.l(strcpy.o)
    0x0000065c   0x0000003e   Code   RO         2815    .text               c_w.l(strlen.o)
    0x0000069a   0x00000018   Code   RO         2817    .text               c_w.l(strcat.o)
    0x000006b2   0x0000008a   Code   RO         2819    .text               c_w.l(rt_memcpy_v6.o)
    0x0000073c   0x00000044   Code   RO         2823    .text               c_w.l(rt_memclr.o)
    0x00000780   0x0000004e   Code   RO         2825    .text               c_w.l(rt_memclr_w.o)
    0x000007ce   0x00000006   Code   RO         2827    .text               c_w.l(heapauxi.o)
    0x000007d4   0x00000024   Code   RO         2832    .text               c_w.l(_printf_truncate.o)
    0x000007f8   0x000000b2   Code   RO         2834    .text               c_w.l(_printf_intcommon.o)
    0x000008aa   0x00000028   Code   RO         2836    .text               c_w.l(_printf_charcount.o)
    0x000008d2   0x00000002   PAD
    0x000008d4   0x00000030   Code   RO         2838    .text               c_w.l(_printf_char_common.o)
    0x00000904   0x0000000a   Code   RO         2840    .text               c_w.l(_sputc.o)
    0x0000090e   0x0000002c   Code   RO         2842    .text               c_w.l(_printf_char.o)
    0x0000093a   0x00000002   PAD
    0x0000093c   0x000000bc   Code   RO         2844    .text               c_w.l(_printf_wctomb.o)
    0x000009f8   0x0000007c   Code   RO         2847    .text               c_w.l(_printf_longlong_dec.o)
    0x00000a74   0x00000070   Code   RO         2853    .text               c_w.l(_printf_oct_int_ll.o)
    0x00000ae4   0x00000094   Code   RO         2873    .text               c_w.l(_printf_hex_int_ll_ptr.o)
    0x00000b78   0x00000064   Code   RO         2896    .text               c_w.l(rt_memcpy_w.o)
    0x00000bdc   0x0000008a   Code   RO         2915    .text               c_w.l(lludiv10.o)
    0x00000c66   0x0000041a   Code   RO         2917    .text               c_w.l(_printf_fp_dec.o)
    0x00001080   0x0000002c   Code   RO         2921    .text               c_w.l(_printf_wchar.o)
    0x000010ac   0x00000040   Code   RO         2923    .text               c_w.l(_wcrtomb.o)
    0x000010ec   0x0000004a   Code   RO         2925    .text               c_w.l(sys_stackheap_outer.o)
    0x00001136   0x00000002   PAD
    0x00001138   0x00000010   Code   RO         2927    .text               c_w.l(rt_ctype_table.o)
    0x00001148   0x00000008   Code   RO         2932    .text               c_w.l(rt_locale_intlibspace.o)
    0x00001150   0x00000080   Code   RO         2934    .text               c_w.l(_printf_fp_infnan.o)
    0x000011d0   0x000000dc   Code   RO         2936    .text               c_w.l(bigflt0.o)
    0x000012ac   0x00000012   Code   RO         2964    .text               c_w.l(exit.o)
    0x000012be   0x00000002   PAD
    0x000012c0   0x00000008   Code   RO         2977    .text               c_w.l(libspace.o)
    0x000012c8   0x00000080   Code   RO         2985    .text               c_w.l(strcmpv7m.o)
    0x00001348   0x0000000c   Code   RO         3043    .text               c_w.l(sys_exit.o)
    0x00001354   0x0000003e   Code   RO         2939    CL$$btod_d2e        c_w.l(btod.o)
    0x00001392   0x00000046   Code   RO         2941    CL$$btod_d2e_denorm_low  c_w.l(btod.o)
    0x000013d8   0x00000060   Code   RO         2940    CL$$btod_d2e_norm_op1  c_w.l(btod.o)
    0x00001438   0x00000338   Code   RO         2949    CL$$btod_div_common  c_w.l(btod.o)
    0x00001770   0x000000c6   Code   RO         2946    CL$$btod_e2e        c_w.l(btod.o)
    0x00001836   0x00000028   Code   RO         2943    CL$$btod_ediv       c_w.l(btod.o)
    0x0000185e   0x00000028   Code   RO         2942    CL$$btod_emul       c_w.l(btod.o)
    0x00001886   0x00000244   Code   RO         2948    CL$$btod_mult_common  c_w.l(btod.o)
    0x00001aca   0x00000008   Code   RO         1035    i.API_BUZZER_Buzzer  keyboard.o
    0x00001ad2   0x0000002a   Code   RO          922    i.API_COM_Init      com.o
    0x00001afc   0x0000002c   Code   RO          923    i.API_COM_ReadCharFromBuffer  com.o
    0x00001b28   0x0000002c   Code   RO          924    i.API_COM_RecBufferIsNotEmpty  com.o
    0x00001b54   0x00000030   Code   RO          925    i.API_COM_SendStr   com.o
    0x00001b84   0x00000008   Code   RO         1071    i.API_FRAM_Init     fram.o
    0x00001b8c   0x0000001a   Code   RO         1072    i.API_FRAM_ReadFram  fram.o
    0x00001ba6   0x0000001a   Code   RO         1073    i.API_FRAM_WriteFram  fram.o
    0x00001bc0   0x00000016   Code   RO         1036    i.API_KEY_KeyboardCtrl  keyboard.o
    0x00001bd6   0x00000008   Code   RO         1037    i.API_KEY_KeyboardInit  keyboard.o
    0x00001bde   0x00000008   Code   RO         1038    i.API_KEY_ReadKey   keyboard.o
    0x00001be6   0x0000001c   Code   RO          958    i.API_LCM_ClearArea  display.o
    0x00001c02   0x00000008   Code   RO          959    i.API_LCM_ClearScreen  display.o
    0x00001c0a   0x00000010   Code   RO          960    i.API_LCM_DrawLine  display.o
    0x00001c1a   0x00000008   Code   RO          963    i.API_LCM_Init      display.o
    0x00001c22   0x000000ae   Code   RO          964    i.API_LCM_Printf    display.o
    0x00001cd0   0x0000001c   Code   RO          966    i.API_LCM_PutRMBSymbol  display.o
    0x00001cec   0x0000003a   Code   RO          802    i.API_MDB_BillType_BillDevice  billvalidatorrecycler.o
    0x00001d26   0x00000036   Code   RO          724    i.API_MDB_CoinType_CoinDevice  coinacceptorchanger.o
    0x00001d5c   0x000000aa   Code   RO          803    i.API_MDB_Escrow_BillDevice  billvalidatorrecycler.o
    0x00001e06   0x00000036   Code   RO          725    i.API_MDB_ExpanDiagStatus_CoinDevice  coinacceptorchanger.o
    0x00001e3c   0x0000003e   Code   RO          726    i.API_MDB_ExpanFeatureEnable_CoinDevice  coinacceptorchanger.o
    0x00001e7a   0x00000026   Code   RO          727    i.API_MDB_ExpanIdentification_CoinDevice  coinacceptorchanger.o
    0x00001ea0   0x00000068   Code   RO          728    i.API_MDB_ExpanPayoutStatus_CoinDevice  coinacceptorchanger.o
    0x00001f08   0x00000040   Code   RO          729    i.API_MDB_ExpanPayoutValuePoll_CoinDevice  coinacceptorchanger.o
    0x00001f48   0x0000002a   Code   RO          730    i.API_MDB_ExpanPayout_CoinDevice  coinacceptorchanger.o
    0x00001f72   0x0000003e   Code   RO          804    i.API_MDB_L2FeatureEnable_BillDevice  billvalidatorrecycler.o
    0x00001fb0   0x00000024   Code   RO          805    i.API_MDB_L2IdentificationWithOptBit_BillDevice  billvalidatorrecycler.o
    0x00001fd4   0x0000001c   Code   RO          806    i.API_MDB_Poll_BillDevice  billvalidatorrecycler.o
    0x00001ff0   0x0000001c   Code   RO          731    i.API_MDB_Poll_CoinDevice  coinacceptorchanger.o
    0x0000200c   0x00000018   Code   RO          808    i.API_MDB_Reset_BillDevice  billvalidatorrecycler.o
    0x00002024   0x00000018   Code   RO          732    i.API_MDB_Reset_CoinDevice  coinacceptorchanger.o
    0x0000203c   0x0000001c   Code   RO          810    i.API_MDB_Setup_BillDevice  billvalidatorrecycler.o
    0x00002058   0x0000001c   Code   RO          733    i.API_MDB_Setup_CoinDevice  coinacceptorchanger.o
    0x00002074   0x0000003c   Code   RO          811    i.API_MDB_Stacker_BillDevice  billvalidatorrecycler.o
    0x000020b0   0x0000001c   Code   RO          734    i.API_MDB_TubeStatus_CoinDevice  coinacceptorchanger.o
    0x000020cc   0x00000080   Code   RO         2639    i.API_MDB_UartInit  mdb.o
    0x0000214c   0x0000000c   Code   RO         1098    i.API_RTC_Read      realtimeclock.o
    0x00002158   0x00000008   Code   RO         1099    i.API_RTC_RtcInit   realtimeclock.o
    0x00002160   0x0000000c   Code   RO         1100    i.API_RTC_Write     realtimeclock.o
    0x0000216c   0x00000008   Code   RO          683    i.API_SYSTEM_PinFuctionSelect  system.o
    0x00002174   0x00000020   Code   RO          684    i.API_SYSTEM_TimerChannelSet  system.o
    0x00002194   0x0000002c   Code   RO          685    i.API_SYSTEM_TimerInit  system.o
    0x000021c0   0x00000018   Code   RO          686    i.API_SYSTEM_TimerReadChannelValue  system.o
    0x000021d8   0x00000008   Code   RO         1125    i.API_VENDING_Init  vending.o
    0x000021e0   0x00000010   Code   RO         1126    i.API_VENDING_Vend  vending.o
    0x000021f0   0x0000003c   Code   RO          138    i.AndroidService    android.o
    0x0000222c   0x000001cc   Code   RO          586    i.BillDevProcess    mdbbilldeviceoperation.o
    0x000023f8   0x00000028   Code   RO         2588    i.Buzzer            buzzer.o
    0x00002420   0x000000d4   Code   RO          619    i.ChangePayoutProcessLevel3  mdbcoindeviceoperation.o
    0x000024f4   0x00000080   Code   RO         2433    i.ClrAllKeyRow      key.o
    0x00002574   0x0000014c   Code   RO          620    i.CoinDevProcess    mdbcoindeviceoperation.o
    0x000026c0   0x0000004e   Code   RO          492    i.CrcCheck          paramdefine.o
    0x0000270e   0x00000002   PAD
    0x00002710   0x00000034   Code   RO          206    i.DispChhuoFailPage  vendservice.o
    0x00002744   0x0000003c   Code   RO         2434    i.EINT1_IRQHandler  key.o
    0x00002780   0x00000154   Code   RO          383    i.EnterMaintenance  maintenance.o
    0x000028d4   0x00000128   Code   RO          384    i.Errcheck          maintenance.o
    0x000029fc   0x00000010   Code   RO         2435    i.GPIOChangeDirectionDelay  key.o
    0x00002a0c   0x0000008c   Code   RO         2436    i.GetAKeyRowValue   key.o
    0x00002a98   0x00000068   Code   RO         2600    i.I2C0Init          i2c.o
    0x00002b00   0x000000ac   Code   RO         2601    i.I2C0RdNByte       i2c.o
    0x00002bac   0x000000a4   Code   RO         2602    i.I2C0WrNByte       i2c.o
    0x00002c50   0x0000021c   Code   RO         2603    i.I2C0_IRQHandler   i2c.o
    0x00002e6c   0x00000110   Code   RO         2518    i.InitTimer         timer.o
    0x00002f7c   0x00000144   Code   RO          495    i.InitTotalLog      paramdefine.o
    0x000030c0   0x000000e0   Code   RO          496    i.InitTradeParam    paramdefine.o
    0x000031a0   0x0000009c   Code   RO         2096    i.InitUart0         uart0.o
    0x0000323c   0x000000b4   Code   RO         2245    i.InitUart3         uart3.o
    0x000032f0   0x00000100   Code   RO          497    i.InitVmcParam      paramdefine.o
    0x000033f0   0x000000f0   Code   RO         2437    i.KeyBoardScan      key.o
    0x000034e0   0x00000058   Code   RO         2439    i.KeyboardCtrl      key.o
    0x00003538   0x000000a4   Code   RO         2440    i.KeyboardInit      key.o
    0x000035dc   0x0000002c   Code   RO         2331    i.LCMBacklightControl  lcm.o
    0x00003608   0x0000003c   Code   RO         2332    i.LCMClearArea      lcm.o
    0x00003644   0x0000003c   Code   RO         2333    i.LCMClearScreen    lcm.o
    0x00003680   0x00000026   Code   RO         2334    i.LCMDrawline       lcm.o
    0x000036a6   0x0000004a   Code   RO         2337    i.LCMInit           lcm.o
    0x000036f0   0x00000056   Code   RO         2338    i.LCMPrintfBmp      lcm.o
    0x00003746   0x00000002   PAD
    0x00003748   0x000000e0   Code   RO         2339    i.LCMPrintfOneAscIICh16x8  lcm.o
    0x00003828   0x000001a8   Code   RO         2340    i.LCMPrintfOneAscIICh32x16  lcm.o
    0x000039d0   0x000000c8   Code   RO         2341    i.LCMPrintfOneChinese16x16  lcm.o
    0x00003a98   0x00000018   Code   RO         2342    i.LCMPutChar        lcm.o
    0x00003ab0   0x00000034   Code   RO         2343    i.LCMSetXY          lcm.o
    0x00003ae4   0x0000004c   Code   RO          498    i.LoadDefaultTradeParam  paramdefine.o
    0x00003b30   0x000000e0   Code   RO          499    i.LoadDefaultVmcParam  paramdefine.o
    0x00003c10   0x00000130   Code   RO          501    i.LoadNewTotalLog   paramdefine.o
    0x00003d40   0x00000204   Code   RO          502    i.LoadNewTradeParam  paramdefine.o
    0x00003f44   0x000000d0   Code   RO          503    i.LoadNewVmcParam   paramdefine.o
    0x00004014   0x00000018   Code   RO          456    i.LogChangeAPI      log.o
    0x0000402c   0x0000001c   Code   RO          457    i.LogClearAPI       log.o
    0x00004048   0x00000008   Code   RO          458    i.LogEndAPI         log.o
    0x00004050   0x00000030   Code   RO          459    i.LogGetMoneyAPI    log.o
    0x00004080   0x00000020   Code   RO          460    i.LogTransactionAPI  log.o
    0x000040a0   0x00000178   Code   RO          385    i.Login             maintenance.o
    0x00004218   0x000000c8   Code   RO         2640    i.MDBConversation   mdb.o
    0x000042e0   0x0000001c   Code   RO         2687    i.MOTORInit         motor.o
    0x000042fc   0x00000a6c   Code   RO          386    i.MaintenDevConfig  maintenance.o
    0x00004d68   0x000001c8   Code   RO          387    i.MaintenDevInfo    maintenance.o
    0x00004f30   0x000003f0   Code   RO          388    i.MaintenDevTest    maintenance.o
    0x00005320   0x0000213e   Code   RO          389    i.MaintenTradeConfig  maintenance.o
    0x0000745e   0x00000002   PAD
    0x00007460   0x00000384   Code   RO          390    i.MaintenTradeLog   maintenance.o
    0x000077e4   0x00000040   Code   RO          391    i.Maintenance       maintenance.o
    0x00007824   0x00000310   Code   RO          587    i.MdbBillResetAndSetup  mdbbilldeviceoperation.o
    0x00007b34   0x000000a8   Code   RO          588    i.MdbBillTypeEanbleOrDisable  mdbbilldeviceoperation.o
    0x00007bdc   0x00000024   Code   RO         2641    i.MdbBufferClr      mdb.o
    0x00007c00   0x00000074   Code   RO          621    i.MdbCoinGetTubeStatus  mdbcoindeviceoperation.o
    0x00007c74   0x00000250   Code   RO          623    i.MdbCoinResetAndSetup  mdbcoindeviceoperation.o
    0x00007ec4   0x00000074   Code   RO          624    i.MdbCoinTypeEanbleOrDisable  mdbcoindeviceoperation.o
    0x00007f38   0x00000010   Code   RO          625    i.MdbGetCoinValue   mdbcoindeviceoperation.o
    0x00007f48   0x0000005c   Code   RO         2642    i.MdbPutCh          mdb.o
    0x00007fa4   0x00000028   Code   RO         2643    i.MdbSetParityMode  mdb.o
    0x00007fcc   0x00000044   Code   RO         2688    i.MotorBrakeCtrl    motor.o
    0x00008010   0x000001ec   Code   RO         2689    i.MotorColCtrl      motor.o
    0x000081fc   0x0000002c   Code   RO         2690    i.MotorPowerCtrl    motor.o
    0x00008228   0x000000cc   Code   RO         2691    i.MotorRowCtrl      motor.o
    0x000082f4   0x0000001c   Code   RO         2692    i.MotorSensorRead   motor.o
    0x00008310   0x00000514   Code   RO         2693    i.MotorVending      motor.o
    0x00008824   0x00000018   Code   RO         2441    i.NVIC_DisableIRQ   key.o
    0x0000883c   0x00000016   Code   RO         2442    i.NVIC_EnableIRQ    key.o
    0x00008852   0x00000016   Code   RO         2519    i.NVIC_EnableIRQ    timer.o
    0x00008868   0x00000028   Code   RO         2520    i.NVIC_SetPriority  timer.o
    0x00008890   0x0000004c   Code   RO         2291    i.PinFuctionSelect  pinselect.o
    0x000088dc   0x00000084   Code   RO          504    i.PrintfMoney       paramdefine.o
    0x00008960   0x00000074   Code   RO         2344    i.PutByteIntoSimSpiBus  lcm.o
    0x000089d4   0x00000064   Code   RO         2345    i.PutCmdIntoLcmController  lcm.o
    0x00008a38   0x00000064   Code   RO         2346    i.PutDataIntoLcmController  lcm.o
    0x00008a9c   0x00000178   Code   RO          392    i.PwdCheck          maintenance.o
    0x00008c14   0x00000054   Code   RO         2307    i.RTCInit           rtc.o
    0x00008c68   0x00000038   Code   RO         2308    i.RTCReadTime       rtc.o
    0x00008ca0   0x00000034   Code   RO         2309    i.RTCSetTime        rtc.o
    0x00008cd4   0x00000024   Code   RO         2443    i.ReadKeyValue      key.o
    0x00008cf8   0x00000068   Code   RO         2444    i.SetAKeyColOutputLow  key.o
    0x00008d60   0x00000028   Code   RO         2445    i.SetAllkeyColInput  key.o
    0x00008d88   0x00000004   Code   RO         2521    i.SetSystemTimerValue  timer.o
    0x00008d8c   0x00000034   Code   RO         1881    i.SysTick_Handler   port.o
    0x00008dc0   0x00000134   Code   RO         2738    i.SystemInit        system_lpc17xx.o
    0x00008ef4   0x00000048   Code   RO         2522    i.TIMER0_IRQHandler  timer.o
    0x00008f3c   0x000000bc   Code   RO         2523    i.TIMER1_IRQHandler  timer.o
    0x00008ff8   0x00000050   Code   RO         2524    i.TIMER2_IRQHandler  timer.o
    0x00009048   0x000000a4   Code   RO         2525    i.TIMER3_IRQHandler  timer.o
    0x000090ec   0x00000188   Code   RO          393    i.TestBillValidator  maintenance.o
    0x00009274   0x00000278   Code   RO          394    i.TestCoinValidator  maintenance.o
    0x000094ec   0x00000138   Code   RO          395    i.TestColumn        maintenance.o
    0x00009624   0x00000080   Code   RO         2526    i.TimerCtrl         timer.o
    0x000096a4   0x00000034   Code   RO         2097    i.Trace             uart0.o
    0x000096d8   0x000000a4   Code   RO         2098    i.UART0_IRQHandler  uart0.o
    0x0000977c   0x00000104   Code   RO         2644    i.UART2_IRQHandler  mdb.o
    0x00009880   0x000000a4   Code   RO         2246    i.UART3_IRQHandler  uart3.o
    0x00009924   0x0000001c   Code   RO         2099    i.Uart0BuffIsNotEmpty  uart0.o
    0x00009940   0x00000034   Code   RO         2100    i.Uart0GetCh        uart0.o
    0x00009974   0x00000018   Code   RO         2101    i.Uart0PutChar      uart0.o
    0x0000998c   0x0000001a   Code   RO         2102    i.Uart0PutStr       uart0.o
    0x000099a6   0x00000002   PAD
    0x000099a8   0x0000001c   Code   RO         2247    i.Uart3BuffIsNotEmpty  uart3.o
    0x000099c4   0x00000034   Code   RO         2248    i.Uart3GetCh        uart3.o
    0x000099f8   0x00000018   Code   RO         2249    i.Uart3PutChar      uart3.o
    0x00009a10   0x0000001a   Code   RO         2250    i.Uart3PutStr       uart3.o
    0x00009a2a   0x00000002   PAD
    0x00009a2c   0x00000078   Code   RO          207    i.VendService       vendservice.o
    0x00009aa4   0x00000150   Code   RO          208    i.Vend_BillCoinCtr  vendservice.o
    0x00009bf4   0x00000016   Code   RO          209    i.Vend_CLrBusinessAndLineText  vendservice.o
    0x00009c0a   0x00000016   Code   RO          210    i.Vend_CLrBusinessText  vendservice.o
    0x00009c20   0x00000016   Code   RO          211    i.Vend_CLrFreeText  vendservice.o
    0x00009c36   0x00000002   PAD
    0x00009c38   0x000001a4   Code   RO          212    i.Vend_ChangerMoney  vendservice.o
    0x00009ddc   0x00000010   Code   RO          213    i.Vend_ClearDealPar  vendservice.o
    0x00009dec   0x000002fc   Code   RO          214    i.Vend_DispChaxunPage  vendservice.o
    0x0000a0e8   0x0000002c   Code   RO          215    i.Vend_DispChuhuoPage  vendservice.o
    0x0000a114   0x00000054   Code   RO          216    i.Vend_DispEndPage  vendservice.o
    0x0000a168   0x0000014c   Code   RO          217    i.Vend_DispFreePage  vendservice.o
    0x0000a2b4   0x0000004c   Code   RO          218    i.Vend_DispIOUPage  vendservice.o
    0x0000a300   0x00000048   Code   RO          219    i.Vend_DispPayoutPage  vendservice.o
    0x0000a348   0x00000034   Code   RO          220    i.Vend_DispQuChangePage  vendservice.o
    0x0000a37c   0x00000034   Code   RO          221    i.Vend_DispQuhuoPage  vendservice.o
    0x0000a3b0   0x00000068   Code   RO          222    i.Vend_DispSalePage  vendservice.o
    0x0000a418   0x00000028   Code   RO          223    i.Vend_GetAmountMoney  vendservice.o
    0x0000a440   0x000001f4   Code   RO          224    i.Vend_GetMoney     vendservice.o
    0x0000a634   0x0000013c   Code   RO          225    i.Vend_IsErrorState  vendservice.o
    0x0000a770   0x0000001c   Code   RO          226    i.Vend_IsTuibiAPI   vendservice.o
    0x0000a78c   0x00000104   Code   RO          227    i.Vend_SaleCostMoney  vendservice.o
    0x0000a890   0x0000009c   Code   RO          228    i.Vend_UpdateTubeMoney  vendservice.o
    0x0000a92c   0x00000040   Code   RO          229    i.VendingIdle       vendservice.o
    0x0000a96c   0x0000072c   Code   RO          230    i.VendingService    vendservice.o
    0x0000b098   0x00000038   Code   RO         2604    i.Wait_I2C0_End     i2c.o
    0x0000b0d0   0x00000028   Code   RO         2975    i.__ARM_fpclassify  m_ws.l(fpclassify.o)
    0x0000b0f8   0x0000000e   Code   RO         2797    i._is_digit         c_w.l(__printf_wp.o)
    0x0000b106   0x00000002   PAD
    0x0000b108   0x00000080   Code   RO            1    i.main              main.o
    0x0000b188   0x00000098   Code   RO         1517    i.prvAddCurrentTaskToDelayedList  tasks.o
    0x0000b220   0x000000b8   Code   RO         1518    i.prvAddNewTaskToReadyList  tasks.o
    0x0000b2d8   0x00000064   Code   RO         1519    i.prvCheckTasksWaitingTermination  tasks.o
    0x0000b33c   0x0000002a   Code   RO         1328    i.prvCopyDataFromQueue  queue.o
    0x0000b366   0x0000007c   Code   RO         1329    i.prvCopyDataToQueue  queue.o
    0x0000b3e2   0x00000012   Code   RO         1520    i.prvDeleteTCB      tasks.o
    0x0000b3f4   0x00000064   Code   RO         1978    i.prvHeapInit       heap.o
    0x0000b458   0x0000002c   Code   RO         1521    i.prvIdleTask       tasks.o
    0x0000b484   0x0000002a   Code   RO         1331    i.prvInitialiseNewQueue  queue.o
    0x0000b4ae   0x00000090   Code   RO         1522    i.prvInitialiseNewTask  tasks.o
    0x0000b53e   0x00000002   PAD
    0x0000b540   0x00000068   Code   RO         1523    i.prvInitialiseTaskLists  tasks.o
    0x0000b5a8   0x00000068   Code   RO         1979    i.prvInsertBlockIntoFreeList  heap.o
    0x0000b610   0x0000001a   Code   RO         1332    i.prvIsQueueEmpty   queue.o
    0x0000b62a   0x00000002   PAD
    0x0000b62c   0x00000034   Code   RO         1525    i.prvResetNextTaskUnblockTime  tasks.o
    0x0000b660   0x00000016   Code   RO         1882    i.prvTaskExitError  port.o
    0x0000b676   0x0000007e   Code   RO         1334    i.prvUnlockQueue    queue.o
    0x0000b6f4   0x000000dc   Code   RO         1980    i.pvPortMalloc      heap.o
    0x0000b7d0   0x00000020   Code   RO         1529    i.pvTaskIncrementMutexHeldCount  tasks.o
    0x0000b7f0   0x00000024   Code   RO         1883    i.pxPortInitialiseStack  port.o
    0x0000b814   0x00000028   Code   RO         1291    i.uxListRemove      list.o
    0x0000b83c   0x00000034   Code   RO         2044    i.vApplicationMallocFailedHook  freertoshooks.o
    0x0000b870   0x00000050   Code   RO         2045    i.vApplicationStackOverflowHook  freertoshooks.o
    0x0000b8c0   0x00000002   Code   RO         2046    i.vApplicationTickHook  freertoshooks.o
    0x0000b8c2   0x0000001a   Code   RO         1292    i.vListInitialise   list.o
    0x0000b8dc   0x00000006   Code   RO         1293    i.vListInitialiseItem  list.o
    0x0000b8e2   0x00000034   Code   RO         1294    i.vListInsert       list.o
    0x0000b916   0x00000018   Code   RO         1295    i.vListInsertEnd    list.o
    0x0000b92e   0x00000002   PAD
    0x0000b930   0x00000024   Code   RO         1885    i.vPortEnterCritical  port.o
    0x0000b954   0x00000020   Code   RO         1886    i.vPortExitCritical  port.o
    0x0000b974   0x00000048   Code   RO         1981    i.vPortFree         heap.o
    0x0000b9bc   0x00000014   Code   RO         1887    i.vPortSetupTimerInterrupt  port.o
    0x0000b9d0   0x00000034   Code   RO         1538    i.vTaskDelay        tasks.o
    0x0000ba04   0x0000000c   Code   RO         1544    i.vTaskMissedYield  tasks.o
    0x0000ba10   0x00000020   Code   RO         1546    i.vTaskPlaceOnEventList  tasks.o
    0x0000ba30   0x000000b0   Code   RO         1548    i.vTaskPriorityInherit  tasks.o
    0x0000bae0   0x00000018   Code   RO         1552    i.vTaskSetTimeOutState  tasks.o
    0x0000baf8   0x00000064   Code   RO         1553    i.vTaskStartScheduler  tasks.o
    0x0000bb5c   0x00000010   Code   RO         1555    i.vTaskSuspendAll   tasks.o
    0x0000bb6c   0x00000098   Code   RO         1556    i.vTaskSwitchContext  tasks.o
    0x0000bc04   0x00000034   Code   RO         1888    i.xPortStartScheduler  port.o
    0x0000bc38   0x00000038   Code   RO         1345    i.xQueueGenericCreate  queue.o
    0x0000bc70   0x0000015c   Code   RO         1346    i.xQueueGenericReceive  queue.o
    0x0000bdcc   0x00000080   Code   RO         1347    i.xQueueGenericReset  queue.o
    0x0000be4c   0x00000086   Code   RO         1349    i.xQueueGenericSendFromISR  queue.o
    0x0000bed2   0x00000002   PAD
    0x0000bed4   0x0000005c   Code   RO         1557    i.xTaskCheckForTimeOut  tasks.o
    0x0000bf30   0x00000060   Code   RO         1558    i.xTaskCreate       tasks.o
    0x0000bf90   0x00000128   Code   RO         1564    i.xTaskIncrementTick  tasks.o
    0x0000c0b8   0x00000084   Code   RO         1567    i.xTaskPriorityDisinherit  tasks.o
    0x0000c13c   0x00000080   Code   RO         1568    i.xTaskRemoveFromEventList  tasks.o
    0x0000c1bc   0x000000e8   Code   RO         1570    i.xTaskResumeAll    tasks.o
    0x0000c2a4   0x0000002c   Code   RO         2962    locale$$code        c_w.l(lc_numeric_c.o)
    0x0000c2d0   0x0000002c   Code   RO         2983    locale$$code        c_w.l(lc_ctype_c.o)
    0x0000c2fc   0x00000004   Code   RO         2898    x$fpl$printf1       fz_ws.l(printf1.o)
    0x0000c300   0x00000000   Code   RO         2974    x$fpl$usenofp       fz_ws.l(usenofp.o)
    0x0000c300   0x000004e0   Data   RO          670    .constdata          menu.o
    0x0000c7e0   0x00000012   Data   RO         2446    .constdata          key.o
    0x0000c7f2   0x00002c38   Data   RO         2731    .constdata          lib.o
    0x0000f42a   0x00000011   Data   RO         2805    .constdata          c_w.l(__printf_flags_ss_wp.o)
    0x0000f43b   0x00000001   PAD
    0x0000f43c   0x00000008   Data   RO         2845    .constdata          c_w.l(_printf_wctomb.o)
    0x0000f444   0x00000028   Data   RO         2874    .constdata          c_w.l(_printf_hex_int_ll_ptr.o)
    0x0000f46c   0x00000094   Data   RO         2937    .constdata          c_w.l(bigflt0.o)
    0x0000f500   0x000010b0   Data   RO          671    .conststring        menu.o
    0x000105b0   0x00000239   Data   RO         2694    .conststring        motor.o
    0x000107e9   0x00000003   PAD
    0x000107ec   0x00000030   Data   RO         3109    Region$$Table       anon$$obj.o
    0x0001081c   0x0000001c   Data   RO         2961    locale$$data        c_w.l(lc_numeric_c.o)
    0x00010838   0x00000110   Data   RO         2982    locale$$data        c_w.l(lc_ctype_c.o)


    Execution Region RW_IRAM1 (Base: 0x10000000, Size: 0x00004000, Max: 0x00008000, ABSOLUTE)

    Base Addr    Size         Type   Attr      Idx    E Section Name        Object

    0x10000000   0x00004000   Zero   RW         1985    .bss                heap.o


    Execution Region RW_IRAM2 (Base: 0x2007c000, Size: 0x00000840, Max: 0x00008000, ABSOLUTE)

    Base Addr    Size         Type   Attr      Idx    E Section Name        Object

    0x2007c000   0x00000022   Data   RW          231    .data               vendservice.o
    0x2007c022   0x0000000b   Data   RW          506    .data               paramdefine.o
    0x2007c02d   0x00000003   PAD
    0x2007c030   0x00000005   Data   RW          589    .data               mdbbilldeviceoperation.o
    0x2007c035   0x00000003   PAD
    0x2007c038   0x00000005   Data   RW          626    .data               mdbcoindeviceoperation.o
    0x2007c03d   0x00000003   PAD
    0x2007c040   0x0000003c   Data   RW         1573    .data               tasks.o
    0x2007c07c   0x00000004   Data   RW         1889    .data               port.o
    0x2007c080   0x00000018   Data   RW         1986    .data               heap.o
    0x2007c098   0x00000002   Data   RW         2104    .data               uart0.o
    0x2007c09a   0x00000002   Data   RW         2252    .data               uart3.o
    0x2007c09c   0x00000002   Data   RW         2347    .data               lcm.o
    0x2007c09e   0x00000002   PAD
    0x2007c0a0   0x00000004   Data   RW         2447    .data               key.o
    0x2007c0a4   0x00000024   Data   RW         2528    .data               timer.o
    0x2007c0c8   0x00000016   Data   RW         2605    .data               i2c.o
    0x2007c0de   0x00000004   Data   RW         2646    .data               mdb.o
    0x2007c0e2   0x00000002   PAD
    0x2007c0e4   0x000000fa   Zero   RW          396    .bss                maintenance.o
    0x2007c1de   0x00000002   PAD
    0x2007c1e0   0x0000021d   Zero   RW          505    .bss                paramdefine.o
    0x2007c3fd   0x00000003   PAD
    0x2007c400   0x000000dc   Zero   RW         1572    .bss                tasks.o
    0x2007c4dc   0x00000040   Zero   RW         2103    .bss                uart0.o
    0x2007c51c   0x00000080   Zero   RW         2251    .bss                uart3.o
    0x2007c59c   0x00000020   Zero   RW         2527    .bss                timer.o
    0x2007c5bc   0x00000024   Zero   RW         2645    .bss                mdb.o
    0x2007c5e0   0x00000060   Zero   RW         2978    .bss                c_w.l(libspace.o)
    0x2007c640   0x00000000   Zero   RW         2762    HEAP                startup_lpc17xx.o
    0x2007c640   0x00000200   Zero   RW         2761    STACK               startup_lpc17xx.o


==============================================================================

Image component sizes


      Code (inc. data)   RO Data    RW Data    ZI Data      Debug   Object Name

        60          8          0          0          0        505   android.o
       466          4          0          0          0       5324   billvalidatorrecycler.o
        40          6          0          0          0        393   buzzer.o
       526         32          0          0          0       7226   coinacceptorchanger.o
       178          0          0          0          0       2192   com.o
         0          0          0          0          0       7092   croutine.o
       262          4          0          0          0       3820   display.o
         0          0          0          0          0       9196   event_groups.o
        60          0          0          0          0       1641   fram.o
       136         90          0          0          0       7237   freertoshooks.o
       496         60          0         24      16384       3495   heap.o
      1036        134          0         22          0       3856   i2c.o
      1062        110         18          4          0      23502   key.o
        46          0          0          0          0       1728   keyboard.o
      1602         62          0          2          0       8662   lcm.o
         0          0      11320          0          0        678   lib.o
       148          0          0          0          0       2758   list.o
       140         20          0          0          0       2130   log.o
       128         54          0          0          0       4903   main.o
     16330        588          0          0        250      13906   maintenance.o
       756         80          0          4         36       4984   mdb.o
      1412         40          0          5          0       3777   mdbbilldeviceoperation.o
      1384         66          0          5          0       5566   mdbcoindeviceoperation.o
         0          0       5520          0          0       5551   menu.o
      2164        618        569          0          0       3947   motor.o
      2342        282          0         11        541      11120   paramdefine.o
        76         12          0          0          0        423   pinselect.o
       400         50          0          4          0      10660   port.o
      1026         12          0          0          0      10725   queue.o
        32          0          0          0          0       1349   realtimeclock.o
       192         16          0          0          0       1337   rtc.o
        64         26        204          0        512        952   startup_lpc17xx.o
       108         18          0          0          0       2009   system.o
       308         10          0          0          0        545   system_lpc17xx.o
      2370        338          0         60        220      24910   tasks.o
       970        120          0         36         32      22294   timer.o
       502         72          0          2         64      43135   uart0.o
       474         72          0          2        128       3812   uart3.o
        24          0          0          0          0        942   vending.o
      5790       1772          0         34          0      15178   vendservice.o

    ----------------------------------------------------------------------
     43132       4776      17682        228      18172     283460   Object Totals
         0          0         48          0          0          0   (incl. Generated)
        22          0          3         13          5          0   (incl. Padding)

    ----------------------------------------------------------------------

      Code (inc. data)   RO Data    RW Data    ZI Data      Debug   Library Member Name

        44          6          0          0          0         84   __2sprintf.o
         8          0          0          0          0         68   __main.o
       392          4         17          0          0         92   __printf_flags_ss_wp.o
        14          0          0          0          0         68   __printf_wp.o
         0          0          0          0          0          0   __rtentry.o
        12          0          0          0          0          0   __rtentry2.o
         6          0          0          0          0          0   __rtentry4.o
        52          8          0          0          0          0   __scatter.o
        26          0          0          0          0          0   __scatter_copy.o
        28          0          0          0          0          0   __scatter_zi.o
         6          0          0          0          0          0   _printf_a.o
         6          0          0          0          0          0   _printf_c.o
        44          0          0          0          0        108   _printf_char.o
        48          6          0          0          0         96   _printf_char_common.o
        40          0          0          0          0         68   _printf_charcount.o
         6          0          0          0          0          0   _printf_d.o
       120         16          0          0          0         92   _printf_dec.o
         6          0          0          0          0          0   _printf_e.o
         6          0          0          0          0          0   _printf_f.o
      1050          0          0          0          0        216   _printf_fp_dec.o
       128         16          0          0          0         84   _printf_fp_infnan.o
         6          0          0          0          0          0   _printf_g.o
       148          4         40          0          0        160   _printf_hex_int_ll_ptr.o
         6          0          0          0          0          0   _printf_i.o
       178          0          0          0          0         88   _printf_intcommon.o
        10          0          0          0          0          0   _printf_l.o
         6          0          0          0          0          0   _printf_lc.o
        10          0          0          0          0          0   _printf_ll.o
         6          0          0          0          0          0   _printf_lld.o
         6          0          0          0          0          0   _printf_lli.o
         6          0          0          0          0          0   _printf_llo.o
         6          0          0          0          0          0   _printf_llu.o
         6          0          0          0          0          0   _printf_llx.o
       124         16          0          0          0         92   _printf_longlong_dec.o
         6          0          0          0          0          0   _printf_ls.o
         6          0          0          0          0          0   _printf_n.o
         6          0          0          0          0          0   _printf_o.o
       112          8          0          0          0        124   _printf_oct_int_ll.o
         6          0          0          0          0          0   _printf_p.o
        78          0          0          0          0        108   _printf_pad.o
         0          0          0          0          0          0   _printf_percent.o
         4          0          0          0          0          0   _printf_percent_end.o
         6          0          0          0          0          0   _printf_s.o
        82          0          0          0          0         80   _printf_str.o
        36          0          0          0          0         84   _printf_truncate.o
         6          0          0          0          0          0   _printf_u.o
        44          0          0          0          0        108   _printf_wchar.o
       188          6          8          0          0         92   _printf_wctomb.o
         6          0          0          0          0          0   _printf_x.o
        10          0          0          0          0         68   _sputc.o
        64          0          0          0          0         92   _wcrtomb.o
        16          0          0          0          0         68   aeabi_memset.o
       220          4        148          0          0         96   bigflt0.o
      1910        128          0          0          0        672   btod.o
        36          4          0          0          0         76   c89vsprintf.o
        18          0          0          0          0         80   exit.o
         6          0          0          0          0        152   heapauxi.o
         0          0          0          0          0          0   indicate_semi.o
        44         10        272          0          0         76   lc_ctype_c.o
        44         10         28          0          0         76   lc_numeric_c.o
         2          0          0          0          0          0   libinit.o
        30          0          0          0          0          0   libinit2.o
         2          0          0          0          0          0   libshutdown.o
         2          0          0          0          0          0   libshutdown2.o
         8          4          0          0         96         68   libspace.o
       138          0          0          0          0         80   lludiv10.o
        16          4          0          0          0         76   rt_ctype_table.o
         8          4          0          0          0         68   rt_locale_intlibspace.o
        68          0          0          0          0         68   rt_memclr.o
        78          0          0          0          0         80   rt_memclr_w.o
       138          0          0          0          0         68   rt_memcpy_v6.o
       100          0          0          0          0         80   rt_memcpy_w.o
         2          0          0          0          0          0   rtexit.o
        10          0          0          0          0          0   rtexit2.o
        24          0          0          0          0         68   strcat.o
       128          0          0          0          0         68   strcmpv7m.o
        72          0          0          0          0         80   strcpy.o
        62          0          0          0          0         76   strlen.o
        36          0          0          0          0         80   strstr.o
        12          4          0          0          0         68   sys_exit.o
        74          0          0          0          0         80   sys_stackheap_outer.o
         2          0          0          0          0         68   use_no_semi.o
         4          0          0          0          0         68   printf1.o
         0          0          0          0          0          0   usenofp.o
        40          0          0          0          0         68   fpclassify.o

    ----------------------------------------------------------------------
      6584        262        514          0         96       4680   Library Totals
        14          0          1          0          0          0   (incl. Padding)

    ----------------------------------------------------------------------

      Code (inc. data)   RO Data    RW Data    ZI Data      Debug   Library Name

      6526        262        513          0         96       4544   c_w.l
         4          0          0          0          0         68   fz_ws.l
        40          0          0          0          0         68   m_ws.l

    ----------------------------------------------------------------------
      6584        262        514          0         96       4680   Library Totals

    ----------------------------------------------------------------------

==============================================================================


      Code (inc. data)   RO Data    RW Data    ZI Data      Debug   

     49716       5038      18196        228      18268     273472   Grand Totals
     49716       5038      18196        228      18268     273472   ELF Image Totals
     49716       5038      18196        228          0          0   ROM Totals

==============================================================================

    Total RO  Size (Code + RO Data)                67912 (  66.32kB)
    Total RW  Size (RW Data + ZI Data)             18496 (  18.06kB)
    Total ROM Size (Code + RO Data + RW Data)      68140 (  66.54kB)

==============================================================================

